2025-02-16 00:48:35,859 - INFO - Starting expense import from /home/ye/sis/cash/exportcash/BcK Uscite cassa.xlsx
2025-02-16 00:48:35,882 - INFO - Cashier ensured: C_SCO
2025-02-16 00:48:35,893 - INFO - Expense 01AB8172-EC29-8D45-AA03-806E8DE6603B imported successfully.
2025-02-16 00:48:35,902 - INFO - Expense 024D1CA8-521C-FA4D-96B2-A6F65597BCCF imported successfully.
2025-02-16 00:48:35,911 - INFO - Expense 03564348-6422-2A48-B2FE-96FAFD2EDAB8 imported successfully.
2025-02-16 00:48:35,920 - INFO - Expense 069FDE58-39DD-C242-B2E8-87298B039E55 imported successfully.
2025-02-16 00:48:35,930 - INFO - Expense 08527D2B-34BE-244A-A887-59CE205F0145 imported successfully.
2025-02-16 00:48:35,938 - INFO - Expense 08C5196F-3312-8843-8AF0-E4C454A833CA imported successfully.
2025-02-16 00:48:35,947 - INFO - Expense 098C1B85-2231-BA4D-8561-DDDC5A057CAD imported successfully.
2025-02-16 00:48:35,956 - INFO - Expense 0C4E352D-1FF3-0146-B71E-5FD869DEF739 imported successfully.
2025-02-16 00:48:35,964 - INFO - Expense 0C4FF0B3-4DBE-8043-BAD1-0D22F3B74F93 imported successfully.
2025-02-16 00:48:35,973 - INFO - Expense 0CF72174-BB00-AD46-A79F-6DDBE9511CCA imported successfully.
2025-02-16 00:48:35,981 - INFO - Expense 0D299D3A-15D5-8C4D-B932-906F675882AF imported successfully.
2025-02-16 00:48:35,990 - INFO - Expense 0DDAA372-562C-DD48-84AE-77E1D6D7F7E6 imported successfully.
2025-02-16 00:48:35,998 - INFO - Expense 0F0C8331-3C41-584F-B8E5-FAC3D50B48D2 imported successfully.
2025-02-16 00:48:36,007 - INFO - Expense 112E2799-7728-1241-B2CF-9F5C620C9F7D imported successfully.
2025-02-16 00:48:36,015 - INFO - Expense 11463843-F39F-7240-AC14-F36705C5BCAF imported successfully.
2025-02-16 00:48:36,024 - INFO - Expense 14F3DF21-58B8-2743-B77B-48441D88DFD3 imported successfully.
2025-02-16 00:48:36,033 - INFO - Expense 155AAA43-A206-3746-988D-8F295A0D6D49 imported successfully.
2025-02-16 00:48:36,042 - INFO - Expense 1777E02E-6D36-C945-B08B-B45D8B456909 imported successfully.
2025-02-16 00:48:36,050 - INFO - Expense 1AEACEFD-78D8-EB41-BDC9-A77CB09669C8 imported successfully.
2025-02-16 00:48:36,059 - INFO - Expense 22D22576-EE65-0D43-B72A-1044D118A4B9 imported successfully.
2025-02-16 00:48:36,068 - INFO - Expense 245AB76C-241D-204B-B995-388F5CB6D95C imported successfully.
2025-02-16 00:48:36,078 - INFO - Expense 2483CEE6-89C6-804D-B6D5-11B55DCC0EE4 imported successfully.
2025-02-16 00:48:36,086 - INFO - Expense 270FE28F-5F43-084E-9BE5-FB1A2ACF8663 imported successfully.
2025-02-16 00:48:36,096 - INFO - Expense 278697A3-CE84-8E4B-9EAD-7C6D2A3F7832 imported successfully.
2025-02-16 00:48:36,105 - INFO - Expense 295FFE62-9293-5147-A562-8CB6D01DD949 imported successfully.
2025-02-16 00:48:36,114 - INFO - Expense 2A92A022-D8A6-D643-B1BB-A2B5AC617A31 imported successfully.
2025-02-16 00:48:36,124 - INFO - Expense 2DBBC101-4038-FC45-84AB-F04CBE96F8D8 imported successfully.
2025-02-16 00:48:36,133 - INFO - Expense 2F574977-2072-0F4B-A204-11C30F3FAA6D imported successfully.
2025-02-16 00:48:36,141 - INFO - Expense 32017311-A465-644B-BA05-71C15830302D imported successfully.
2025-02-16 00:48:36,150 - INFO - Expense 33CDFE2E-48FB-6A4A-B2E1-CDE2360D012E imported successfully.
2025-02-16 00:48:36,158 - INFO - Expense 35938E81-BD53-CA42-B177-8E1BC45C1ABB imported successfully.
2025-02-16 00:48:36,168 - INFO - Expense 35B29A18-0A70-A945-9413-9162ADF473EF imported successfully.
2025-02-16 00:48:36,177 - INFO - Expense 36337614-33FC-0F4E-B13C-F4B344675433 imported successfully.
2025-02-16 00:48:36,186 - INFO - Expense 3638BE16-2912-B644-91D7-97C49B75A615 imported successfully.
2025-02-16 00:48:36,195 - INFO - Expense 37BCCA78-D5B3-4848-A014-3120C87B658A imported successfully.
2025-02-16 00:48:36,206 - INFO - Expense 3C7710C8-97FB-324A-9EB1-1DB6F730C319 imported successfully.
2025-02-16 00:48:36,217 - INFO - Expense 3C90DEB4-9DBD-DF47-8067-0C5A11B50E6A imported successfully.
2025-02-16 00:48:36,227 - INFO - Expense 3F282625-8997-3A4B-9597-7F6E613610C2 imported successfully.
2025-02-16 00:48:36,237 - INFO - Expense 408F2E7C-2A0B-B642-998E-ABA063C8C89C imported successfully.
2025-02-16 00:48:36,247 - INFO - Expense 410F8518-2567-7A41-9F77-E489CEE4FD0B imported successfully.
2025-02-16 00:48:36,257 - INFO - Expense 4163C573-97F5-8541-91DD-CE52D6D825F1 imported successfully.
2025-02-16 00:48:36,266 - INFO - Expense 4294070F-4A0F-AF4D-98C0-FA9F4A44E4B1 imported successfully.
2025-02-16 00:48:36,275 - INFO - Expense 43E33B61-3355-9B45-9215-3D31175BB08C imported successfully.
2025-02-16 00:48:36,283 - INFO - Expense 44B1E410-AB00-8E4F-8832-F9D10AC77714 imported successfully.
2025-02-16 00:48:36,292 - INFO - Expense 47E3585D-18E0-4E41-B7D0-48A0705D8038 imported successfully.
2025-02-16 00:48:36,306 - INFO - Expense 47F02548-9DEF-BC4F-899C-6E0EF6820E52 imported successfully.
2025-02-16 00:48:36,316 - INFO - Expense 481F8F86-8C8F-C544-825B-AFEF306DCABC imported successfully.
2025-02-16 00:48:36,328 - INFO - Expense 4A2E27C0-13D8-EB4D-AC4E-31AA4DCBDC7A imported successfully.
2025-02-16 00:48:36,344 - INFO - Expense 4A823B59-510F-6946-A012-EDA64BBF7642 imported successfully.
2025-02-16 00:48:36,353 - INFO - Expense 4AFF2941-E397-4641-954D-3B2A2F41EDA6 imported successfully.
2025-02-16 00:48:36,362 - INFO - Expense 4B929537-7EFC-A047-9009-579BD5CAC4E6 imported successfully.
2025-02-16 00:48:36,370 - INFO - Expense 4C5E41DC-C6E5-3A4B-8388-52058E6C7C4C imported successfully.
2025-02-16 00:48:36,379 - INFO - Expense 4E78BFF2-1189-F947-BBC9-BD292372FE95 imported successfully.
2025-02-16 00:48:36,388 - INFO - Expense 522009CC-F7F3-F24C-B276-FA7A3C774087 imported successfully.
2025-02-16 00:48:36,396 - INFO - Expense 52907D2A-DEAA-7E4A-84CB-C6317574654F imported successfully.
2025-02-16 00:48:36,405 - INFO - Expense 53609802-9AAB-434F-9018-D5DBD1A3A3EA imported successfully.
2025-02-16 00:48:36,414 - INFO - Expense 54574D76-A418-0D49-B137-41FA531C8AF2 imported successfully.
2025-02-16 00:48:36,423 - INFO - Expense 557FE422-C351-2C4E-BACA-1D4A178F3CE1 imported successfully.
2025-02-16 00:48:36,432 - INFO - Expense 56A703D8-3B01-9040-BBF0-04D8D2A31CBD imported successfully.
2025-02-16 00:48:36,441 - INFO - Expense 5837BF2F-72FD-AB49-9CCF-4650818C31F6 imported successfully.
2025-02-16 00:48:36,449 - INFO - Expense 59558413-0546-114A-95BF-287DFF36DDFD imported successfully.
2025-02-16 00:48:36,459 - INFO - Expense 59F3BD70-CDF5-6342-BEDD-80707BE20DAB imported successfully.
2025-02-16 00:48:36,467 - INFO - Expense 602CF3E8-4844-C649-B874-71034617F624 imported successfully.
2025-02-16 00:48:36,476 - INFO - Expense 619F7AFA-0AF9-6A42-96B4-2CCF1E69B4B9 imported successfully.
2025-02-16 00:48:36,485 - INFO - Expense 633D4BA0-04A1-7348-A2AE-95A66C83C24B imported successfully.
2025-02-16 00:48:36,495 - INFO - Expense 6607E2EA-11E8-824F-8904-1A0EC9EBADA8 imported successfully.
2025-02-16 00:48:36,504 - INFO - Expense 670823DA-EA5C-184C-BD20-5C2F0FC7A67B imported successfully.
2025-02-16 00:48:36,513 - INFO - Expense 67850A6B-6B86-B04E-B422-EDBD54DBB40D imported successfully.
2025-02-16 00:48:36,522 - INFO - Expense 678CBAFD-F676-6C46-AEF1-8B28353EC49C imported successfully.
2025-02-16 00:48:36,531 - INFO - Expense 684A86AA-05CF-4D4F-9E1D-2BE39B4729C0 imported successfully.
2025-02-16 00:48:36,540 - INFO - Expense 69323329-9668-CB4F-8E6E-91BA75358BDC imported successfully.
2025-02-16 00:48:36,548 - INFO - Expense 69ED3D60-97F2-E840-B3A6-B66F5CC0781C imported successfully.
2025-02-16 00:48:36,557 - INFO - Expense 6BE1FCA1-8774-0142-BBAC-39815D15EA7F imported successfully.
2025-02-16 00:48:36,566 - INFO - Expense 6C811A60-C69F-A54D-B990-44FB5FEE891E imported successfully.
2025-02-16 00:48:36,575 - INFO - Expense 707DF40E-F824-9C4F-B036-0905CF0A66EA imported successfully.
2025-02-16 00:48:36,584 - INFO - Expense 70E30A0A-5341-1244-94F8-679B1DC314B8 imported successfully.
2025-02-16 00:48:36,593 - INFO - Expense 736FA58F-0361-0C4F-A68B-0210E9294167 imported successfully.
2025-02-16 00:48:36,602 - INFO - Expense 740D1EDE-2FBB-B744-BAD3-FCB53F8FEB75 imported successfully.
2025-02-16 00:48:36,611 - INFO - Expense 77B8EE0B-93AC-8F4E-ABB7-03D6548FB002 imported successfully.
2025-02-16 00:48:36,620 - INFO - Expense 77F323A1-B4D2-5540-A579-ED5859C0E3B3 imported successfully.
2025-02-16 00:48:36,628 - INFO - Expense 78AC9E3B-1BCF-434B-93D7-AD4C1D4FA4D0 imported successfully.
2025-02-16 00:48:36,636 - INFO - Expense 78AEE1BC-F961-934D-964B-00965C8F53D6 imported successfully.
2025-02-16 00:48:36,645 - INFO - Expense 7AEC6398-997A-494E-9E7F-40B879F027D0 imported successfully.
2025-02-16 00:48:36,654 - INFO - Expense 7B964F2F-21E7-5C45-9E94-7C1A7AA7E03D imported successfully.
2025-02-16 00:48:36,662 - INFO - Expense 7C427FDF-CE85-AD45-A1A3-6E3D9D596F1F imported successfully.
2025-02-16 00:48:36,671 - INFO - Expense 7DC7A86A-9F1F-A540-8ED7-2B556BAC5151 imported successfully.
2025-02-16 00:48:36,679 - INFO - Expense 7E7EA710-298A-C942-87C5-D53C1E5AC82F imported successfully.
2025-02-16 00:48:36,688 - INFO - Expense 7F5ADF04-4CBA-9246-8498-16361FB5CA0A imported successfully.
2025-02-16 00:48:36,697 - INFO - Expense 7F7B30A0-0885-1145-A49E-AB8E17C7DA5C imported successfully.
2025-02-16 00:48:36,705 - INFO - Expense 82BCDA29-D49C-0D43-B73A-18E0F211FF31 imported successfully.
2025-02-16 00:48:36,713 - INFO - Expense 8573A79F-CE31-054F-B57A-3037D95E95D7 imported successfully.
2025-02-16 00:48:36,721 - INFO - Expense 862B2853-FD8A-6341-A566-353941D19551 imported successfully.
2025-02-16 00:48:36,730 - INFO - Expense 866BD0D7-196D-C740-9AE9-3D0EC9A9A860 imported successfully.
2025-02-16 00:48:36,738 - INFO - Expense 8748F00C-3768-F84A-A294-37BD517B561A imported successfully.
2025-02-16 00:48:36,747 - INFO - Expense 88190268-FB6F-9740-9865-F63F9E616EE9 imported successfully.
2025-02-16 00:48:36,756 - INFO - Expense 8A408D39-6169-9148-A5DA-36220DF7DFDB imported successfully.
2025-02-16 00:48:36,765 - INFO - Expense 8ACFA700-B0A4-1048-90E7-BEC37B8B05E1 imported successfully.
2025-02-16 00:48:36,773 - INFO - Expense 8C3A4ED1-AB53-E940-BD6B-444B30B0B887 imported successfully.
2025-02-16 00:48:36,781 - INFO - Expense 8F1BF1B0-9C7D-D94B-8508-BF119CD7F1CB imported successfully.
2025-02-16 00:48:36,790 - INFO - Expense 9466131B-BE3F-6545-A3DE-E89C0F5CE712 imported successfully.
2025-02-16 00:48:36,798 - INFO - Expense 957B9124-B0CD-CF4F-8A5E-3FF081B876E4 imported successfully.
2025-02-16 00:48:36,807 - INFO - Expense 957D5969-3F63-7D46-ADFA-590446639F58 imported successfully.
2025-02-16 00:48:36,815 - INFO - Expense 96040AE5-6B9B-D648-A6F8-559DD44A439A imported successfully.
2025-02-16 00:48:36,823 - INFO - Expense 9715E209-472A-B647-B71D-8CFA6ECACA57 imported successfully.
2025-02-16 00:48:36,832 - INFO - Expense 977A2D79-E1F4-C24E-87AB-71FAD3CC922C imported successfully.
2025-02-16 00:48:36,840 - INFO - Expense 98635969-9F5B-FE41-BC4C-ED3E1D70DD17 imported successfully.
2025-02-16 00:48:36,848 - INFO - Expense 992635BE-59F6-2346-BE81-C44A08DCCCB7 imported successfully.
2025-02-16 00:48:36,856 - INFO - Expense 99F863B0-CB01-3248-9587-13802A83E32B imported successfully.
2025-02-16 00:48:36,865 - INFO - Expense 9A183926-1DB3-6146-813E-CE1C101DCBC6 imported successfully.
2025-02-16 00:48:36,873 - INFO - Expense 9A66A754-DD83-7942-A36A-4B364A704450 imported successfully.
2025-02-16 00:48:36,881 - INFO - Expense 9B0A2DCC-65E1-5542-B48F-37082CEF6C7B imported successfully.
2025-02-16 00:48:36,890 - INFO - Expense 9C89A946-7575-B744-B940-DE36483A6C80 imported successfully.
2025-02-16 00:48:36,898 - INFO - Expense 9C997F29-5C87-B74D-8C43-1682F8F6DAEC imported successfully.
2025-02-16 00:48:36,908 - INFO - Expense 9DAA1E59-7C7F-3E40-988D-11C43E7347C7 imported successfully.
2025-02-16 00:48:36,916 - INFO - Expense 9DDAF32D-03B9-DE4E-BE46-E04C0AA44358 imported successfully.
2025-02-16 00:48:36,925 - INFO - Expense A5021846-DCCC-FF45-B093-079FF9F7D258 imported successfully.
2025-02-16 00:48:36,934 - INFO - Expense A57C325D-1B68-5847-8090-B144BEF54F4B imported successfully.
2025-02-16 00:48:36,943 - INFO - Expense A5B59944-5800-9B4E-BF31-E73847366082 imported successfully.
2025-02-16 00:48:36,952 - INFO - Expense A963415B-75D0-274F-A26B-8993A3D723BB imported successfully.
2025-02-16 00:48:36,962 - INFO - Expense AB75F1CC-2D88-9A42-9AFC-2D57D6D253FB imported successfully.
2025-02-16 00:48:36,970 - INFO - Expense ABDB884A-592F-4546-9537-BF7F059B0909 imported successfully.
2025-02-16 00:48:36,979 - INFO - Expense ACC3D841-09D3-4449-9548-F42C6A7E974E imported successfully.
2025-02-16 00:48:36,988 - INFO - Expense AD42CFA5-6616-AC40-B6A1-0AB80BD40388 imported successfully.
2025-02-16 00:48:36,996 - INFO - Expense AE90CB8D-027D-2C4E-AADC-CFD4C3D25687 imported successfully.
2025-02-16 00:48:37,005 - INFO - Expense AF585040-F10C-2949-AB70-390ACB7761F6 imported successfully.
2025-02-16 00:48:37,014 - INFO - Expense B1DAFDC1-4E23-7B4A-B462-E85EB9062434 imported successfully.
2025-02-16 00:48:37,024 - INFO - Expense B2765F0C-E488-B54F-AD6C-834776207ECF imported successfully.
2025-02-16 00:48:37,032 - INFO - Expense B797D07B-6744-514B-A835-26FE00D348DC imported successfully.
2025-02-16 00:48:37,041 - INFO - Expense BC1D7788-34CA-DE48-95DB-A2C3D3E60E24 imported successfully.
2025-02-16 00:48:37,049 - INFO - Expense BCCE11C1-E615-0246-9772-E4B82CD9BD1D imported successfully.
2025-02-16 00:48:37,059 - INFO - Expense BCD53AC7-DFAB-7244-97CD-658CE0EF9408 imported successfully.
2025-02-16 00:48:37,067 - INFO - Expense BDD53EAA-B328-BA45-8A71-49A9CC7910BA imported successfully.
2025-02-16 00:48:37,076 - INFO - Expense BF562096-221B-5944-8405-0CA792576D82 imported successfully.
2025-02-16 00:48:37,084 - INFO - Expense C0581E32-01B0-9941-893B-70FC9BA67B78 imported successfully.
2025-02-16 00:48:37,092 - INFO - Expense C2EC1A9E-C292-8440-8B03-B80B365BC16F imported successfully.
2025-02-16 00:48:37,101 - INFO - Expense C49077D5-8847-9D44-9164-40487BBD2295 imported successfully.
2025-02-16 00:48:37,111 - INFO - Expense C65C69A5-6FDE-9044-B2B1-1AEA8B547B13 imported successfully.
2025-02-16 00:48:37,121 - INFO - Expense C847250C-04E9-2440-98CF-8829D03FA11B imported successfully.
2025-02-16 00:48:37,130 - INFO - Expense C8A49377-C73A-0144-9A75-2FAF324A49AF imported successfully.
2025-02-16 00:48:37,138 - INFO - Expense CADCB479-2737-944D-9AFD-061BF3FE6A39 imported successfully.
2025-02-16 00:48:37,147 - INFO - Expense CAFF30EC-F262-2845-BC84-E54545194954 imported successfully.
2025-02-16 00:48:37,155 - INFO - Expense CCCEB328-DA31-0F45-B2D3-144DD062C9BE imported successfully.
2025-02-16 00:48:37,163 - INFO - Expense CE2E9722-BF89-734E-9004-DA9BEBD4F26C imported successfully.
2025-02-16 00:48:37,171 - INFO - Expense CE94CC2A-AC2C-4541-86B6-6E0C06681239 imported successfully.
2025-02-16 00:48:37,179 - INFO - Expense CEB71CD6-C00C-F847-BC7E-0E4F4EBE94E1 imported successfully.
2025-02-16 00:48:37,187 - INFO - Expense CFB20345-0905-A740-B13D-C8177EEBCEF3 imported successfully.
2025-02-16 00:48:37,196 - INFO - Expense D010E58B-2438-084D-AFBC-A5CE67354201 imported successfully.
2025-02-16 00:48:37,205 - INFO - Expense D3E75510-0CF3-0640-B404-7ED1C2A6DE28 imported successfully.
2025-02-16 00:48:37,213 - INFO - Expense D503CE9B-A6AE-C146-BB73-B553C0476DB6 imported successfully.
2025-02-16 00:48:37,222 - INFO - Expense D8FEEAB4-CC6D-4C40-9CD8-4CFDEF686AC0 imported successfully.
2025-02-16 00:48:37,231 - INFO - Expense D96CD977-340F-CE46-A77D-B060D6264D97 imported successfully.
2025-02-16 00:48:37,239 - INFO - Expense DB290924-1E50-CA47-B1CC-D353644D7C02 imported successfully.
2025-02-16 00:48:37,247 - INFO - Expense DF4C7223-44D3-8D49-90AC-09D8A31A1903 imported successfully.
2025-02-16 00:48:37,256 - INFO - Expense E2C4DA1D-4BD3-2246-ADCA-F103507782F4 imported successfully.
2025-02-16 00:48:37,265 - INFO - Expense E60B563E-952C-DB46-8AF1-7FAA85EA59C9 imported successfully.
2025-02-16 00:48:37,274 - INFO - Expense E8BC26FA-B9A2-8F4C-9CAD-367AD9FA8CB6 imported successfully.
2025-02-16 00:48:37,283 - INFO - Expense EA27BED0-813A-C44E-B7E7-1667F28B7F23 imported successfully.
2025-02-16 00:48:37,293 - INFO - Expense EB96CCA8-2715-0249-83B7-7F479923A016 imported successfully.
2025-02-16 00:48:37,302 - INFO - Expense F1131D65-2A2C-E84E-A5DB-884DFC7C706F imported successfully.
2025-02-16 00:48:37,311 - INFO - Expense F560B9DC-7943-3947-8567-4A04C73EDC20 imported successfully.
2025-02-16 00:48:37,320 - INFO - Expense F80B6DA8-4DFD-D342-9640-412A20C8D63D imported successfully.
2025-02-16 00:48:37,329 - INFO - Expense F954CECF-7399-204D-BDA3-539954684EF2 imported successfully.
2025-02-16 00:48:37,337 - INFO - Expense FA47F721-4E3A-064E-B613-D0DAF5DCF7A1 imported successfully.
2025-02-16 00:48:37,346 - INFO - Expense FA8F4599-2861-D04B-B3FB-857E7A80C9CB imported successfully.
2025-02-16 00:48:37,354 - INFO - Expense FB5B9919-0AF0-1C43-B14F-41F747DC46D9 imported successfully.
2025-02-16 00:48:37,363 - INFO - Expense FC531049-3E5A-2A4D-BF18-AD725AA709AA imported successfully.
2025-02-16 00:48:37,372 - INFO - Expense FD6C5B49-4C8C-2145-AF77-37E4EADEB70C imported successfully.
2025-02-16 00:48:37,381 - INFO - Expense FF2302CE-F892-1F4C-A194-870C7D96A921 imported successfully.
2025-02-16 00:48:37,381 - INFO - Expense import completed.
2025-02-24 02:30:19,474 - INFO - Starting expense import from /home/ye/sis/cash/exportcash/BcK Uscite cassa.xlsx
2025-02-24 02:30:19,501 - INFO - Cashier ensured: C_SCO
2025-02-24 02:30:19,513 - INFO - Expense 005A2B23-56C5-684A-8B2E-1916E32148EF imported successfully.
2025-02-24 02:30:19,523 - INFO - Expense 01AB8172-EC29-8D45-AA03-806E8DE6603B imported successfully.
2025-02-24 02:30:19,534 - INFO - Expense 024D1CA8-521C-FA4D-96B2-A6F65597BCCF imported successfully.
2025-02-24 02:30:19,546 - INFO - Expense 03564348-6422-2A48-B2FE-96FAFD2EDAB8 imported successfully.
2025-02-24 02:30:19,557 - INFO - Expense 05C5CA07-6078-134A-836A-67ACF64F477D imported successfully.
2025-02-24 02:30:19,567 - INFO - Expense 069FDE58-39DD-C242-B2E8-87298B039E55 imported successfully.
2025-02-24 02:30:19,579 - INFO - Expense 08527D2B-34BE-244A-A887-59CE205F0145 imported successfully.
2025-02-24 02:30:19,589 - INFO - Expense 08C5196F-3312-8843-8AF0-E4C454A833CA imported successfully.
2025-02-24 02:30:19,599 - INFO - Expense 098C1B85-2231-BA4D-8561-DDDC5A057CAD imported successfully.
2025-02-24 02:30:19,611 - INFO - Expense 0C4E352D-1FF3-0146-B71E-5FD869DEF739 imported successfully.
2025-02-24 02:30:19,622 - INFO - Expense 0C4FF0B3-4DBE-8043-BAD1-0D22F3B74F93 imported successfully.
2025-02-24 02:30:19,633 - INFO - Expense 0CF72174-BB00-AD46-A79F-6DDBE9511CCA imported successfully.
2025-02-24 02:30:19,645 - INFO - Expense 0D299D3A-15D5-8C4D-B932-906F675882AF imported successfully.
2025-02-24 02:30:19,655 - INFO - Expense 0DDAA372-562C-DD48-84AE-77E1D6D7F7E6 imported successfully.
2025-02-24 02:30:19,666 - INFO - Expense 0F0C8331-3C41-584F-B8E5-FAC3D50B48D2 imported successfully.
2025-02-24 02:30:19,676 - INFO - Expense 1081161D-5E48-FB4A-BBCA-80E2623CFCC4 imported successfully.
2025-02-24 02:30:19,686 - INFO - Expense 112E2799-7728-1241-B2CF-9F5C620C9F7D imported successfully.
2025-02-24 02:30:19,699 - INFO - Expense 11463843-F39F-7240-AC14-F36705C5BCAF imported successfully.
2025-02-24 02:30:19,710 - INFO - Expense 14F3DF21-58B8-2743-B77B-48441D88DFD3 imported successfully.
2025-02-24 02:30:19,719 - INFO - Expense 155AAA43-A206-3746-988D-8F295A0D6D49 imported successfully.
2025-02-24 02:30:19,732 - INFO - Expense 1777E02E-6D36-C945-B08B-B45D8B456909 imported successfully.
2025-02-24 02:30:19,742 - INFO - Expense 1A0FDFD2-B1B9-7E4C-AD80-E9A1A1FDA728 imported successfully.
2025-02-24 02:30:19,752 - INFO - Expense 1AEACEFD-78D8-EB41-BDC9-A77CB09669C8 imported successfully.
2025-02-24 02:30:19,762 - INFO - Expense 22D22576-EE65-0D43-B72A-1044D118A4B9 imported successfully.
2025-02-24 02:30:19,772 - INFO - Expense 245AB76C-241D-204B-B995-388F5CB6D95C imported successfully.
2025-02-24 02:30:19,781 - INFO - Expense 2483CEE6-89C6-804D-B6D5-11B55DCC0EE4 imported successfully.
2025-02-24 02:30:19,792 - INFO - Expense 270FE28F-5F43-084E-9BE5-FB1A2ACF8663 imported successfully.
2025-02-24 02:30:19,800 - INFO - Expense 2711B240-258C-144B-A198-5DB169FADAC5 imported successfully.
2025-02-24 02:30:19,811 - INFO - Expense 278697A3-CE84-8E4B-9EAD-7C6D2A3F7832 imported successfully.
2025-02-24 02:30:19,820 - INFO - Expense 295FFE62-9293-5147-A562-8CB6D01DD949 imported successfully.
2025-02-24 02:30:19,831 - INFO - Expense 29BBA2DE-88F8-784D-87BC-66B79DA71FF9 imported successfully.
2025-02-24 02:30:19,841 - INFO - Expense 2A92A022-D8A6-D643-B1BB-A2B5AC617A31 imported successfully.
2025-02-24 02:30:19,849 - INFO - Expense 2DBBC101-4038-FC45-84AB-F04CBE96F8D8 imported successfully.
2025-02-24 02:30:19,860 - INFO - Expense 2F574977-2072-0F4B-A204-11C30F3FAA6D imported successfully.
2025-02-24 02:30:19,869 - INFO - Expense 32017311-A465-644B-BA05-71C15830302D imported successfully.
2025-02-24 02:30:19,879 - INFO - Expense 33CDFE2E-48FB-6A4A-B2E1-CDE2360D012E imported successfully.
2025-02-24 02:30:19,889 - INFO - Expense 35938E81-BD53-CA42-B177-8E1BC45C1ABB imported successfully.
2025-02-24 02:30:19,898 - INFO - Expense 35B29A18-0A70-A945-9413-9162ADF473EF imported successfully.
2025-02-24 02:30:19,907 - INFO - Expense 36337614-33FC-0F4E-B13C-F4B344675433 imported successfully.
2025-02-24 02:30:19,917 - INFO - Expense 3638BE16-2912-B644-91D7-97C49B75A615 imported successfully.
2025-02-24 02:30:19,937 - INFO - Expense 37BCCA78-D5B3-4848-A014-3120C87B658A imported successfully.
2025-02-24 02:30:19,950 - INFO - Expense 37BE4C1D-EDDE-974B-8CA5-87DE497201DF imported successfully.
2025-02-24 02:30:19,960 - INFO - Expense 3C7710C8-97FB-324A-9EB1-1DB6F730C319 imported successfully.
2025-02-24 02:30:19,969 - INFO - Expense 3C90DEB4-9DBD-DF47-8067-0C5A11B50E6A imported successfully.
2025-02-24 02:30:19,980 - INFO - Expense 3DF7C61B-4ACA-E64F-8375-46803A950AA7 imported successfully.
2025-02-24 02:30:19,989 - INFO - Expense 3E62C789-1F88-BF4E-9166-4790E06446B9 imported successfully.
2025-02-24 02:30:19,998 - INFO - Expense 3F282625-8997-3A4B-9597-7F6E613610C2 imported successfully.
2025-02-24 02:30:20,008 - INFO - Expense 408F2E7C-2A0B-B642-998E-ABA063C8C89C imported successfully.
2025-02-24 02:30:20,018 - INFO - Expense 410F8518-2567-7A41-9F77-E489CEE4FD0B imported successfully.
2025-02-24 02:30:20,028 - INFO - Expense 4163C573-97F5-8541-91DD-CE52D6D825F1 imported successfully.
2025-02-24 02:30:20,037 - INFO - Expense 4294070F-4A0F-AF4D-98C0-FA9F4A44E4B1 imported successfully.
2025-02-24 02:30:20,048 - INFO - Expense 43E33B61-3355-9B45-9215-3D31175BB08C imported successfully.
2025-02-24 02:30:20,058 - INFO - Expense 44B1E410-AB00-8E4F-8832-F9D10AC77714 imported successfully.
2025-02-24 02:30:20,067 - INFO - Expense 47E3585D-18E0-4E41-B7D0-48A0705D8038 imported successfully.
2025-02-24 02:30:20,086 - INFO - Expense 47F02548-9DEF-BC4F-899C-6E0EF6820E52 imported successfully.
2025-02-24 02:30:20,097 - INFO - Expense 481F8F86-8C8F-C544-825B-AFEF306DCABC imported successfully.
2025-02-24 02:30:20,106 - INFO - Expense 4A2E27C0-13D8-EB4D-AC4E-31AA4DCBDC7A imported successfully.
2025-02-24 02:30:20,115 - INFO - Expense 4A823B59-510F-6946-A012-EDA64BBF7642 imported successfully.
2025-02-24 02:30:20,126 - INFO - Expense 4AFF2941-E397-4641-954D-3B2A2F41EDA6 imported successfully.
2025-02-24 02:30:20,136 - INFO - Expense 4B929537-7EFC-A047-9009-579BD5CAC4E6 imported successfully.
2025-02-24 02:30:20,147 - INFO - Expense 4C5E41DC-C6E5-3A4B-8388-52058E6C7C4C imported successfully.
2025-02-24 02:30:20,158 - INFO - Expense 4E78BFF2-1189-F947-BBC9-BD292372FE95 imported successfully.
2025-02-24 02:30:20,168 - INFO - Expense 4FB9CF8D-4CDA-EB47-AAA9-58A7B6C0D9F3 imported successfully.
2025-02-24 02:30:20,178 - INFO - Expense 522009CC-F7F3-F24C-B276-FA7A3C774087 imported successfully.
2025-02-24 02:30:20,188 - INFO - Expense 52907D2A-DEAA-7E4A-84CB-C6317574654F imported successfully.
2025-02-24 02:30:20,198 - INFO - Expense 53609802-9AAB-434F-9018-D5DBD1A3A3EA imported successfully.
2025-02-24 02:30:20,208 - INFO - Expense 54574D76-A418-0D49-B137-41FA531C8AF2 imported successfully.
2025-02-24 02:30:20,218 - INFO - Expense 557FE422-C351-2C4E-BACA-1D4A178F3CE1 imported successfully.
2025-02-24 02:30:20,229 - INFO - Expense 56A703D8-3B01-9040-BBF0-04D8D2A31CBD imported successfully.
2025-02-24 02:30:20,238 - INFO - Expense 5837BF2F-72FD-AB49-9CCF-4650818C31F6 imported successfully.
2025-02-24 02:30:20,252 - INFO - Expense 59558413-0546-114A-95BF-287DFF36DDFD imported successfully.
2025-02-24 02:30:20,262 - INFO - Expense 59F3BD70-CDF5-6342-BEDD-80707BE20DAB imported successfully.
2025-02-24 02:30:20,271 - INFO - Expense 602CF3E8-4844-C649-B874-71034617F624 imported successfully.
2025-02-24 02:30:20,283 - INFO - Expense 619F7AFA-0AF9-6A42-96B4-2CCF1E69B4B9 imported successfully.
2025-02-24 02:30:20,293 - INFO - Expense 633D4BA0-04A1-7348-A2AE-95A66C83C24B imported successfully.
2025-02-24 02:30:20,302 - INFO - Expense 643187EB-901B-304E-A110-51E643ECA6EA imported successfully.
2025-02-24 02:30:20,312 - INFO - Expense 6607E2EA-11E8-824F-8904-1A0EC9EBADA8 imported successfully.
2025-02-24 02:30:20,320 - INFO - Expense 666AB5C7-CC8F-D143-BE0B-36C5AD29BD63 imported successfully.
2025-02-24 02:30:20,331 - INFO - Expense 670823DA-EA5C-184C-BD20-5C2F0FC7A67B imported successfully.
2025-02-24 02:30:20,340 - INFO - Expense 67850A6B-6B86-B04E-B422-EDBD54DBB40D imported successfully.
2025-02-24 02:30:20,349 - INFO - Expense 678CBAFD-F676-6C46-AEF1-8B28353EC49C imported successfully.
2025-02-24 02:30:20,359 - INFO - Expense 684A86AA-05CF-4D4F-9E1D-2BE39B4729C0 imported successfully.
2025-02-24 02:30:20,368 - INFO - Expense 69323329-9668-CB4F-8E6E-91BA75358BDC imported successfully.
2025-02-24 02:30:20,377 - INFO - Expense 69ED3D60-97F2-E840-B3A6-B66F5CC0781C imported successfully.
2025-02-24 02:30:20,385 - INFO - Expense 6BE1FCA1-8774-0142-BBAC-39815D15EA7F imported successfully.
2025-02-24 02:30:20,395 - INFO - Expense 6C811A60-C69F-A54D-B990-44FB5FEE891E imported successfully.
2025-02-24 02:30:20,404 - INFO - Expense 707DF40E-F824-9C4F-B036-0905CF0A66EA imported successfully.
2025-02-24 02:30:20,414 - INFO - Expense 70E30A0A-5341-1244-94F8-679B1DC314B8 imported successfully.
2025-02-24 02:30:20,423 - INFO - Expense 736FA58F-0361-0C4F-A68B-0210E9294167 imported successfully.
2025-02-24 02:30:20,431 - INFO - Expense 7374E1E8-A668-3141-B2CE-4216FAAE31E3 imported successfully.
2025-02-24 02:30:20,439 - INFO - Expense 740D1EDE-2FBB-B744-BAD3-FCB53F8FEB75 imported successfully.
2025-02-24 02:30:20,449 - INFO - Expense 77B8EE0B-93AC-8F4E-ABB7-03D6548FB002 imported successfully.
2025-02-24 02:30:20,458 - INFO - Expense 77F323A1-B4D2-5540-A579-ED5859C0E3B3 imported successfully.
2025-02-24 02:30:20,467 - INFO - Expense 78AC9E3B-1BCF-434B-93D7-AD4C1D4FA4D0 imported successfully.
2025-02-24 02:30:20,476 - INFO - Expense 78AEE1BC-F961-934D-964B-00965C8F53D6 imported successfully.
2025-02-24 02:30:20,486 - INFO - Expense 7AEC6398-997A-494E-9E7F-40B879F027D0 imported successfully.
2025-02-24 02:30:20,496 - INFO - Expense 7B964F2F-21E7-5C45-9E94-7C1A7AA7E03D imported successfully.
2025-02-24 02:30:20,505 - INFO - Expense 7C427FDF-CE85-AD45-A1A3-6E3D9D596F1F imported successfully.
2025-02-24 02:30:20,515 - INFO - Expense 7DC7A86A-9F1F-A540-8ED7-2B556BAC5151 imported successfully.
2025-02-24 02:30:20,525 - INFO - Expense 7E7EA710-298A-C942-87C5-D53C1E5AC82F imported successfully.
2025-02-24 02:30:20,534 - INFO - Expense 7F5ADF04-4CBA-9246-8498-16361FB5CA0A imported successfully.
2025-02-24 02:30:20,544 - INFO - Expense 7F7B30A0-0885-1145-A49E-AB8E17C7DA5C imported successfully.
2025-02-24 02:30:20,553 - INFO - Expense 82BCDA29-D49C-0D43-B73A-18E0F211FF31 imported successfully.
2025-02-24 02:30:20,567 - INFO - Expense 8573A79F-CE31-054F-B57A-3037D95E95D7 imported successfully.
2025-02-24 02:30:20,578 - INFO - Expense 862B2853-FD8A-6341-A566-353941D19551 imported successfully.
2025-02-24 02:30:20,586 - INFO - Expense 866BD0D7-196D-C740-9AE9-3D0EC9A9A860 imported successfully.
2025-02-24 02:30:20,596 - INFO - Expense 8748F00C-3768-F84A-A294-37BD517B561A imported successfully.
2025-02-24 02:30:20,605 - INFO - Expense 88190268-FB6F-9740-9865-F63F9E616EE9 imported successfully.
2025-02-24 02:30:20,614 - INFO - Expense 8A408D39-6169-9148-A5DA-36220DF7DFDB imported successfully.
2025-02-24 02:30:20,624 - INFO - Expense 8ACFA700-B0A4-1048-90E7-BEC37B8B05E1 imported successfully.
2025-02-24 02:30:20,633 - INFO - Expense 8C3A4ED1-AB53-E940-BD6B-444B30B0B887 imported successfully.
2025-02-24 02:30:20,643 - INFO - Expense 8C97A588-517D-F241-9C69-FAFE009CDC7F imported successfully.
2025-02-24 02:30:20,651 - INFO - Expense 8F1BF1B0-9C7D-D94B-8508-BF119CD7F1CB imported successfully.
2025-02-24 02:30:20,662 - INFO - Expense 92D87C14-883A-B746-AECA-97A7311B38C1 imported successfully.
2025-02-24 02:30:20,671 - INFO - Expense 938709B9-3C2B-2147-9657-03583BC5B32F imported successfully.
2025-02-24 02:30:20,680 - INFO - Expense 9466131B-BE3F-6545-A3DE-E89C0F5CE712 imported successfully.
2025-02-24 02:30:20,689 - INFO - Expense 957B9124-B0CD-CF4F-8A5E-3FF081B876E4 imported successfully.
2025-02-24 02:30:20,697 - INFO - Expense 957D5969-3F63-7D46-ADFA-590446639F58 imported successfully.
2025-02-24 02:30:20,707 - INFO - Expense 96040AE5-6B9B-D648-A6F8-559DD44A439A imported successfully.
2025-02-24 02:30:20,716 - INFO - Expense 9715E209-472A-B647-B71D-8CFA6ECACA57 imported successfully.
2025-02-24 02:30:20,726 - INFO - Expense 977A2D79-E1F4-C24E-87AB-71FAD3CC922C imported successfully.
2025-02-24 02:30:20,735 - INFO - Expense 98635969-9F5B-FE41-BC4C-ED3E1D70DD17 imported successfully.
2025-02-24 02:30:20,744 - INFO - Expense 992635BE-59F6-2346-BE81-C44A08DCCCB7 imported successfully.
2025-02-24 02:30:20,754 - INFO - Expense 99F863B0-CB01-3248-9587-13802A83E32B imported successfully.
2025-02-24 02:30:20,764 - INFO - Expense 9A183926-1DB3-6146-813E-CE1C101DCBC6 imported successfully.
2025-02-24 02:30:20,773 - INFO - Expense 9A66A754-DD83-7942-A36A-4B364A704450 imported successfully.
2025-02-24 02:30:20,782 - INFO - Expense 9B0A2DCC-65E1-5542-B48F-37082CEF6C7B imported successfully.
2025-02-24 02:30:20,791 - INFO - Expense 9C0CCBC4-E564-474D-B4A6-35E0234F9F9D imported successfully.
2025-02-24 02:30:20,800 - INFO - Expense 9C209422-93B5-0149-A610-7EC2E78CF180 imported successfully.
2025-02-24 02:30:20,811 - INFO - Expense 9C89A946-7575-B744-B940-DE36483A6C80 imported successfully.
2025-02-24 02:30:20,820 - INFO - Expense 9C997F29-5C87-B74D-8C43-1682F8F6DAEC imported successfully.
2025-02-24 02:30:20,830 - INFO - Expense 9DAA1E59-7C7F-3E40-988D-11C43E7347C7 imported successfully.
2025-02-24 02:30:20,839 - INFO - Expense 9DDAF32D-03B9-DE4E-BE46-E04C0AA44358 imported successfully.
2025-02-24 02:30:20,848 - INFO - Expense A5021846-DCCC-FF45-B093-079FF9F7D258 imported successfully.
2025-02-24 02:30:20,858 - INFO - Expense A51F4D54-78C3-1041-86D9-C6DCE1720E96 imported successfully.
2025-02-24 02:30:20,867 - INFO - Expense A57C325D-1B68-5847-8090-B144BEF54F4B imported successfully.
2025-02-24 02:30:20,880 - INFO - Expense A5B59944-5800-9B4E-BF31-E73847366082 imported successfully.
2025-02-24 02:30:20,890 - INFO - Expense A963415B-75D0-274F-A26B-8993A3D723BB imported successfully.
2025-02-24 02:30:20,900 - INFO - Expense AB75F1CC-2D88-9A42-9AFC-2D57D6D253FB imported successfully.
2025-02-24 02:30:20,911 - INFO - Expense ABDB884A-592F-4546-9537-BF7F059B0909 imported successfully.
2025-02-24 02:30:20,920 - INFO - Expense ACC3D841-09D3-4449-9548-F42C6A7E974E imported successfully.
2025-02-24 02:30:20,930 - INFO - Expense AD42CFA5-6616-AC40-B6A1-0AB80BD40388 imported successfully.
2025-02-24 02:30:20,939 - INFO - Expense AE90CB8D-027D-2C4E-AADC-CFD4C3D25687 imported successfully.
2025-02-24 02:30:20,948 - INFO - Expense AF585040-F10C-2949-AB70-390ACB7761F6 imported successfully.
2025-02-24 02:30:20,957 - INFO - Expense B1DAFDC1-4E23-7B4A-B462-E85EB9062434 imported successfully.
2025-02-24 02:30:20,966 - INFO - Expense B2765F0C-E488-B54F-AD6C-834776207ECF imported successfully.
2025-02-24 02:30:20,976 - INFO - Expense B2AF11A1-3023-6149-8F67-463D3A80533D imported successfully.
2025-02-24 02:30:20,984 - INFO - Expense B5428C4C-1535-0E4A-861B-732E7CA18EB7 imported successfully.
2025-02-24 02:30:20,993 - INFO - Expense B797D07B-6744-514B-A835-26FE00D348DC imported successfully.
2025-02-24 02:30:21,002 - INFO - Expense BC1D7788-34CA-DE48-95DB-A2C3D3E60E24 imported successfully.
2025-02-24 02:30:21,012 - INFO - Expense BCCE11C1-E615-0246-9772-E4B82CD9BD1D imported successfully.
2025-02-24 02:30:21,022 - INFO - Expense BCD53AC7-DFAB-7244-97CD-658CE0EF9408 imported successfully.
2025-02-24 02:30:21,032 - INFO - Expense BDD53EAA-B328-BA45-8A71-49A9CC7910BA imported successfully.
2025-02-24 02:30:21,042 - INFO - Expense BF562096-221B-5944-8405-0CA792576D82 imported successfully.
2025-02-24 02:30:21,050 - INFO - Expense C00B1361-EA97-D048-83FF-70D2AEAA5139 imported successfully.
2025-02-24 02:30:21,059 - INFO - Expense C0581E32-01B0-9941-893B-70FC9BA67B78 imported successfully.
2025-02-24 02:30:21,068 - INFO - Expense C2EC1A9E-C292-8440-8B03-B80B365BC16F imported successfully.
2025-02-24 02:30:21,078 - INFO - Expense C465B204-35FD-D249-AB94-AB5AD2891C64 imported successfully.
2025-02-24 02:30:21,086 - INFO - Expense C49077D5-8847-9D44-9164-40487BBD2295 imported successfully.
2025-02-24 02:30:21,097 - INFO - Expense C65C69A5-6FDE-9044-B2B1-1AEA8B547B13 imported successfully.
2025-02-24 02:30:21,106 - INFO - Expense C665273C-09D6-4E46-91D3-990C8310F4E3 imported successfully.
2025-02-24 02:30:21,115 - INFO - Expense C847250C-04E9-2440-98CF-8829D03FA11B imported successfully.
2025-02-24 02:30:21,125 - INFO - Expense C8A49377-C73A-0144-9A75-2FAF324A49AF imported successfully.
2025-02-24 02:30:21,134 - INFO - Expense CADCB479-2737-944D-9AFD-061BF3FE6A39 imported successfully.
2025-02-24 02:30:21,144 - INFO - Expense CAFF30EC-F262-2845-BC84-E54545194954 imported successfully.
2025-02-24 02:30:21,153 - INFO - Expense CCCEB328-DA31-0F45-B2D3-144DD062C9BE imported successfully.
2025-02-24 02:30:21,162 - INFO - Expense CE26C5C2-A4B7-5E41-93DB-1E261D8C6CD2 imported successfully.
2025-02-24 02:30:21,170 - INFO - Expense CE2E9722-BF89-734E-9004-DA9BEBD4F26C imported successfully.
2025-02-24 02:30:21,179 - INFO - Expense CE94CC2A-AC2C-4541-86B6-6E0C06681239 imported successfully.
2025-02-24 02:30:21,187 - INFO - Expense CEB71CD6-C00C-F847-BC7E-0E4F4EBE94E1 imported successfully.
2025-02-24 02:30:21,196 - INFO - Expense CFB20345-0905-A740-B13D-C8177EEBCEF3 imported successfully.
2025-02-24 02:30:21,205 - INFO - Expense D010E58B-2438-084D-AFBC-A5CE67354201 imported successfully.
2025-02-24 02:30:21,213 - INFO - Expense D186B40E-AFE5-F241-9CB0-30CF0C15FCC1 imported successfully.
2025-02-24 02:30:21,222 - INFO - Expense D3E75510-0CF3-0640-B404-7ED1C2A6DE28 imported successfully.
2025-02-24 02:30:21,232 - INFO - Expense D503CE9B-A6AE-C146-BB73-B553C0476DB6 imported successfully.
2025-02-24 02:30:21,242 - INFO - Expense D8FEEAB4-CC6D-4C40-9CD8-4CFDEF686AC0 imported successfully.
2025-02-24 02:30:21,251 - INFO - Expense D96CD977-340F-CE46-A77D-B060D6264D97 imported successfully.
2025-02-24 02:30:21,260 - INFO - Expense DB290924-1E50-CA47-B1CC-D353644D7C02 imported successfully.
2025-02-24 02:30:21,267 - INFO - Expense DB45536B-6B71-EB45-8374-803F6ED43679 imported successfully.
2025-02-24 02:30:21,276 - INFO - Expense DF4C7223-44D3-8D49-90AC-09D8A31A1903 imported successfully.
2025-02-24 02:30:21,284 - INFO - Expense E2C4DA1D-4BD3-2246-ADCA-F103507782F4 imported successfully.
2025-02-24 02:30:21,294 - INFO - Expense E60B563E-952C-DB46-8AF1-7FAA85EA59C9 imported successfully.
2025-02-24 02:30:21,303 - INFO - Expense E8BC26FA-B9A2-8F4C-9CAD-367AD9FA8CB6 imported successfully.
2025-02-24 02:30:21,312 - INFO - Expense EA27BED0-813A-C44E-B7E7-1667F28B7F23 imported successfully.
2025-02-24 02:30:21,321 - INFO - Expense EB96CCA8-2715-0249-83B7-7F479923A016 imported successfully.
2025-02-24 02:30:21,330 - INFO - Expense EF905C37-FDF0-4A4D-90BC-46D8DD84266F imported successfully.
2025-02-24 02:30:21,340 - INFO - Expense F1131D65-2A2C-E84E-A5DB-884DFC7C706F imported successfully.
2025-02-24 02:30:21,349 - INFO - Expense F560B9DC-7943-3947-8567-4A04C73EDC20 imported successfully.
2025-02-24 02:30:21,358 - INFO - Expense F80B6DA8-4DFD-D342-9640-412A20C8D63D imported successfully.
2025-02-24 02:30:21,368 - INFO - Expense F954CECF-7399-204D-BDA3-539954684EF2 imported successfully.
2025-02-24 02:30:21,377 - INFO - Expense FA47F721-4E3A-064E-B613-D0DAF5DCF7A1 imported successfully.
2025-02-24 02:30:21,386 - INFO - Expense FA8F4599-2861-D04B-B3FB-857E7A80C9CB imported successfully.
2025-02-24 02:30:21,396 - INFO - Expense FB5B9919-0AF0-1C43-B14F-41F747DC46D9 imported successfully.
2025-02-24 02:30:21,405 - INFO - Expense FBAFAEC1-50DC-7D48-B963-57FCC2265793 imported successfully.
2025-02-24 02:30:21,414 - INFO - Expense FC1C5B6E-29EC-CE42-9F13-1117FE9D743D imported successfully.
2025-02-24 02:30:21,423 - INFO - Expense FC531049-3E5A-2A4D-BF18-AD725AA709AA imported successfully.
2025-02-24 02:30:21,432 - INFO - Expense FD6C5B49-4C8C-2145-AF77-37E4EADEB70C imported successfully.
2025-02-24 02:30:21,441 - INFO - Expense FF2302CE-F892-1F4C-A194-870C7D96A921 imported successfully.
2025-02-24 02:30:21,442 - INFO - Expense import completed.
2025-02-26 01:23:16,634 - INFO - Starting expense import from /home/ye/sis/cash/exportcash/BcK Uscite cassa.xlsx
2025-02-26 01:23:16,657 - INFO - Cashier ensured: C_SCO
2025-02-26 01:23:16,669 - INFO - Expense 005A2B23-56C5-684A-8B2E-1916E32148EF imported successfully.
2025-02-26 01:23:16,679 - INFO - Expense 01AB8172-EC29-8D45-AA03-806E8DE6603B imported successfully.
2025-02-26 01:23:16,689 - INFO - Expense 024D1CA8-521C-FA4D-96B2-A6F65597BCCF imported successfully.
2025-02-26 01:23:16,699 - INFO - Expense 03564348-6422-2A48-B2FE-96FAFD2EDAB8 imported successfully.
2025-02-26 01:23:16,713 - INFO - Expense 05C5CA07-6078-134A-836A-67ACF64F477D imported successfully.
2025-02-26 01:23:16,722 - INFO - Expense 069FDE58-39DD-C242-B2E8-87298B039E55 imported successfully.
2025-02-26 01:23:16,733 - INFO - Expense 08527D2B-34BE-244A-A887-59CE205F0145 imported successfully.
2025-02-26 01:23:16,745 - INFO - Expense 08C5196F-3312-8843-8AF0-E4C454A833CA imported successfully.
2025-02-26 01:23:16,755 - INFO - Expense 098C1B85-2231-BA4D-8561-DDDC5A057CAD imported successfully.
2025-02-26 01:23:16,766 - INFO - Expense 0C4E352D-1FF3-0146-B71E-5FD869DEF739 imported successfully.
2025-02-26 01:23:16,776 - INFO - Expense 0C4FF0B3-4DBE-8043-BAD1-0D22F3B74F93 imported successfully.
2025-02-26 01:23:16,786 - INFO - Expense 0CF72174-BB00-AD46-A79F-6DDBE9511CCA imported successfully.
2025-02-26 01:23:16,797 - INFO - Expense 0D299D3A-15D5-8C4D-B932-906F675882AF imported successfully.
2025-02-26 01:23:16,806 - INFO - Expense 0DDAA372-562C-DD48-84AE-77E1D6D7F7E6 imported successfully.
2025-02-26 01:23:16,816 - INFO - Expense 0F0C8331-3C41-584F-B8E5-FAC3D50B48D2 imported successfully.
2025-02-26 01:23:16,826 - INFO - Expense 1081161D-5E48-FB4A-BBCA-80E2623CFCC4 imported successfully.
2025-02-26 01:23:16,836 - INFO - Expense 112E2799-7728-1241-B2CF-9F5C620C9F7D imported successfully.
2025-02-26 01:23:16,846 - INFO - Expense 11463843-F39F-7240-AC14-F36705C5BCAF imported successfully.
2025-02-26 01:23:16,854 - INFO - Expense 14F3DF21-58B8-2743-B77B-48441D88DFD3 imported successfully.
2025-02-26 01:23:16,864 - INFO - Expense 155AAA43-A206-3746-988D-8F295A0D6D49 imported successfully.
2025-02-26 01:23:16,872 - INFO - Expense 1777E02E-6D36-C945-B08B-B45D8B456909 imported successfully.
2025-02-26 01:23:16,881 - INFO - Expense 1A0FDFD2-B1B9-7E4C-AD80-E9A1A1FDA728 imported successfully.
2025-02-26 01:23:16,889 - INFO - Expense 1AEACEFD-78D8-EB41-BDC9-A77CB09669C8 imported successfully.
2025-02-26 01:23:16,900 - INFO - Expense 22D22576-EE65-0D43-B72A-1044D118A4B9 imported successfully.
2025-02-26 01:23:16,910 - INFO - Expense 245AB76C-241D-204B-B995-388F5CB6D95C imported successfully.
2025-02-26 01:23:16,919 - INFO - Expense 2483CEE6-89C6-804D-B6D5-11B55DCC0EE4 imported successfully.
2025-02-26 01:23:16,927 - INFO - Expense 270FE28F-5F43-084E-9BE5-FB1A2ACF8663 imported successfully.
2025-02-26 01:23:16,936 - INFO - Expense 2711B240-258C-144B-A198-5DB169FADAC5 imported successfully.
2025-02-26 01:23:16,945 - INFO - Expense 278697A3-CE84-8E4B-9EAD-7C6D2A3F7832 imported successfully.
2025-02-26 01:23:16,954 - INFO - Expense 295FFE62-9293-5147-A562-8CB6D01DD949 imported successfully.
2025-02-26 01:23:16,963 - INFO - Expense 29BBA2DE-88F8-784D-87BC-66B79DA71FF9 imported successfully.
2025-02-26 01:23:16,973 - INFO - Expense 2A92A022-D8A6-D643-B1BB-A2B5AC617A31 imported successfully.
2025-02-26 01:23:16,982 - INFO - Expense 2DBBC101-4038-FC45-84AB-F04CBE96F8D8 imported successfully.
2025-02-26 01:23:16,992 - INFO - Expense 2F574977-2072-0F4B-A204-11C30F3FAA6D imported successfully.
2025-02-26 01:23:17,000 - INFO - Expense 32017311-A465-644B-BA05-71C15830302D imported successfully.
2025-02-26 01:23:17,009 - INFO - Expense 33CDFE2E-48FB-6A4A-B2E1-CDE2360D012E imported successfully.
2025-02-26 01:23:17,019 - INFO - Expense 35938E81-BD53-CA42-B177-8E1BC45C1ABB imported successfully.
2025-02-26 01:23:17,031 - INFO - Expense 35B29A18-0A70-A945-9413-9162ADF473EF imported successfully.
2025-02-26 01:23:17,042 - INFO - Expense 36337614-33FC-0F4E-B13C-F4B344675433 imported successfully.
2025-02-26 01:23:17,051 - INFO - Expense 3638BE16-2912-B644-91D7-97C49B75A615 imported successfully.
2025-02-26 01:23:17,060 - INFO - Expense 37BCCA78-D5B3-4848-A014-3120C87B658A imported successfully.
2025-02-26 01:23:17,068 - INFO - Expense 37BE4C1D-EDDE-974B-8CA5-87DE497201DF imported successfully.
2025-02-26 01:23:17,077 - INFO - Expense 3C7710C8-97FB-324A-9EB1-1DB6F730C319 imported successfully.
2025-02-26 01:23:17,086 - INFO - Expense 3C90DEB4-9DBD-DF47-8067-0C5A11B50E6A imported successfully.
2025-02-26 01:23:17,095 - INFO - Expense 3DF7C61B-4ACA-E64F-8375-46803A950AA7 imported successfully.
2025-02-26 01:23:17,104 - INFO - Expense 3E62C789-1F88-BF4E-9166-4790E06446B9 imported successfully.
2025-02-26 01:23:17,113 - INFO - Expense 3F282625-8997-3A4B-9597-7F6E613610C2 imported successfully.
2025-02-26 01:23:17,122 - INFO - Expense 408F2E7C-2A0B-B642-998E-ABA063C8C89C imported successfully.
2025-02-26 01:23:17,131 - INFO - Expense 410F8518-2567-7A41-9F77-E489CEE4FD0B imported successfully.
2025-02-26 01:23:17,140 - INFO - Expense 4163C573-97F5-8541-91DD-CE52D6D825F1 imported successfully.
2025-02-26 01:23:17,148 - INFO - Expense 4294070F-4A0F-AF4D-98C0-FA9F4A44E4B1 imported successfully.
2025-02-26 01:23:17,157 - INFO - Expense 43E33B61-3355-9B45-9215-3D31175BB08C imported successfully.
2025-02-26 01:23:17,166 - INFO - Expense 44B1E410-AB00-8E4F-8832-F9D10AC77714 imported successfully.
2025-02-26 01:23:17,175 - INFO - Expense 47E3585D-18E0-4E41-B7D0-48A0705D8038 imported successfully.
2025-02-26 01:23:17,184 - INFO - Expense 47F02548-9DEF-BC4F-899C-6E0EF6820E52 imported successfully.
2025-02-26 01:23:17,195 - INFO - Expense 481F8F86-8C8F-C544-825B-AFEF306DCABC imported successfully.
2025-02-26 01:23:17,203 - INFO - Expense 4A2E27C0-13D8-EB4D-AC4E-31AA4DCBDC7A imported successfully.
2025-02-26 01:23:17,212 - INFO - Expense 4A823B59-510F-6946-A012-EDA64BBF7642 imported successfully.
2025-02-26 01:23:17,221 - INFO - Expense 4AFF2941-E397-4641-954D-3B2A2F41EDA6 imported successfully.
2025-02-26 01:23:17,230 - INFO - Expense 4B929537-7EFC-A047-9009-579BD5CAC4E6 imported successfully.
2025-02-26 01:23:17,241 - INFO - Expense 4C5E41DC-C6E5-3A4B-8388-52058E6C7C4C imported successfully.
2025-02-26 01:23:17,249 - INFO - Expense 4E78BFF2-1189-F947-BBC9-BD292372FE95 imported successfully.
2025-02-26 01:23:17,259 - INFO - Expense 4FB9CF8D-4CDA-EB47-AAA9-58A7B6C0D9F3 imported successfully.
2025-02-26 01:23:17,268 - INFO - Expense 522009CC-F7F3-F24C-B276-FA7A3C774087 imported successfully.
2025-02-26 01:23:17,277 - INFO - Expense 52907D2A-DEAA-7E4A-84CB-C6317574654F imported successfully.
2025-02-26 01:23:17,286 - INFO - Expense 53609802-9AAB-434F-9018-D5DBD1A3A3EA imported successfully.
2025-02-26 01:23:17,295 - INFO - Expense 54574D76-A418-0D49-B137-41FA531C8AF2 imported successfully.
2025-02-26 01:23:17,304 - INFO - Expense 557FE422-C351-2C4E-BACA-1D4A178F3CE1 imported successfully.
2025-02-26 01:23:17,314 - INFO - Expense 56A703D8-3B01-9040-BBF0-04D8D2A31CBD imported successfully.
2025-02-26 01:23:17,322 - INFO - Expense 5837BF2F-72FD-AB49-9CCF-4650818C31F6 imported successfully.
2025-02-26 01:23:17,333 - INFO - Expense 59558413-0546-114A-95BF-287DFF36DDFD imported successfully.
2025-02-26 01:23:17,341 - INFO - Expense 59F3BD70-CDF5-6342-BEDD-80707BE20DAB imported successfully.
2025-02-26 01:23:17,351 - INFO - Expense 602CF3E8-4844-C649-B874-71034617F624 imported successfully.
2025-02-26 01:23:17,361 - INFO - Expense 619F7AFA-0AF9-6A42-96B4-2CCF1E69B4B9 imported successfully.
2025-02-26 01:23:17,371 - INFO - Expense 633D4BA0-04A1-7348-A2AE-95A66C83C24B imported successfully.
2025-02-26 01:23:17,380 - INFO - Expense 643187EB-901B-304E-A110-51E643ECA6EA imported successfully.
2025-02-26 01:23:17,388 - INFO - Expense 6607E2EA-11E8-824F-8904-1A0EC9EBADA8 imported successfully.
2025-02-26 01:23:17,397 - INFO - Expense 666AB5C7-CC8F-D143-BE0B-36C5AD29BD63 imported successfully.
2025-02-26 01:23:17,408 - INFO - Expense 670823DA-EA5C-184C-BD20-5C2F0FC7A67B imported successfully.
2025-02-26 01:23:17,416 - INFO - Expense 67850A6B-6B86-B04E-B422-EDBD54DBB40D imported successfully.
2025-02-26 01:23:17,426 - INFO - Expense 678CBAFD-F676-6C46-AEF1-8B28353EC49C imported successfully.
2025-02-26 01:23:17,434 - INFO - Expense 684A86AA-05CF-4D4F-9E1D-2BE39B4729C0 imported successfully.
2025-02-26 01:23:17,444 - INFO - Expense 69323329-9668-CB4F-8E6E-91BA75358BDC imported successfully.
2025-02-26 01:23:17,453 - INFO - Expense 69ED3D60-97F2-E840-B3A6-B66F5CC0781C imported successfully.
2025-02-26 01:23:17,462 - INFO - Expense 6BE1FCA1-8774-0142-BBAC-39815D15EA7F imported successfully.
2025-02-26 01:23:17,471 - INFO - Expense 6C811A60-C69F-A54D-B990-44FB5FEE891E imported successfully.
2025-02-26 01:23:17,481 - INFO - Expense 707DF40E-F824-9C4F-B036-0905CF0A66EA imported successfully.
2025-02-26 01:23:17,489 - INFO - Expense 70E30A0A-5341-1244-94F8-679B1DC314B8 imported successfully.
2025-02-26 01:23:17,499 - INFO - Expense 736FA58F-0361-0C4F-A68B-0210E9294167 imported successfully.
2025-02-26 01:23:17,510 - INFO - Expense 7374E1E8-A668-3141-B2CE-4216FAAE31E3 imported successfully.
2025-02-26 01:23:17,519 - INFO - Expense 740D1EDE-2FBB-B744-BAD3-FCB53F8FEB75 imported successfully.
2025-02-26 01:23:17,529 - INFO - Expense 77B8EE0B-93AC-8F4E-ABB7-03D6548FB002 imported successfully.
2025-02-26 01:23:17,538 - INFO - Expense 77F323A1-B4D2-5540-A579-ED5859C0E3B3 imported successfully.
2025-02-26 01:23:17,547 - INFO - Expense 78AC9E3B-1BCF-434B-93D7-AD4C1D4FA4D0 imported successfully.
2025-02-26 01:23:17,556 - INFO - Expense 78AEE1BC-F961-934D-964B-00965C8F53D6 imported successfully.
2025-02-26 01:23:17,565 - INFO - Expense 7AEC6398-997A-494E-9E7F-40B879F027D0 imported successfully.
2025-02-26 01:23:17,574 - INFO - Expense 7B964F2F-21E7-5C45-9E94-7C1A7AA7E03D imported successfully.
2025-02-26 01:23:17,583 - INFO - Expense 7C427FDF-CE85-AD45-A1A3-6E3D9D596F1F imported successfully.
2025-02-26 01:23:17,592 - INFO - Expense 7DC7A86A-9F1F-A540-8ED7-2B556BAC5151 imported successfully.
2025-02-26 01:23:17,601 - INFO - Expense 7E7EA710-298A-C942-87C5-D53C1E5AC82F imported successfully.
2025-02-26 01:23:17,611 - INFO - Expense 7F5ADF04-4CBA-9246-8498-16361FB5CA0A imported successfully.
2025-02-26 01:23:17,620 - INFO - Expense 7F7B30A0-0885-1145-A49E-AB8E17C7DA5C imported successfully.
2025-02-26 01:23:17,630 - INFO - Expense 82BCDA29-D49C-0D43-B73A-18E0F211FF31 imported successfully.
2025-02-26 01:23:17,640 - INFO - Expense 8573A79F-CE31-054F-B57A-3037D95E95D7 imported successfully.
2025-02-26 01:23:17,649 - INFO - Expense 862B2853-FD8A-6341-A566-353941D19551 imported successfully.
2025-02-26 01:23:17,658 - INFO - Expense 866BD0D7-196D-C740-9AE9-3D0EC9A9A860 imported successfully.
2025-02-26 01:23:17,667 - INFO - Expense 8748F00C-3768-F84A-A294-37BD517B561A imported successfully.
2025-02-26 01:23:17,675 - INFO - Expense 88190268-FB6F-9740-9865-F63F9E616EE9 imported successfully.
2025-02-26 01:23:17,684 - INFO - Expense 8A408D39-6169-9148-A5DA-36220DF7DFDB imported successfully.
2025-02-26 01:23:17,693 - INFO - Expense 8ACFA700-B0A4-1048-90E7-BEC37B8B05E1 imported successfully.
2025-02-26 01:23:17,702 - INFO - Expense 8C3A4ED1-AB53-E940-BD6B-444B30B0B887 imported successfully.
2025-02-26 01:23:17,713 - INFO - Expense 8C97A588-517D-F241-9C69-FAFE009CDC7F imported successfully.
2025-02-26 01:23:17,723 - INFO - Expense 8F1BF1B0-9C7D-D94B-8508-BF119CD7F1CB imported successfully.
2025-02-26 01:23:17,731 - INFO - Expense 92D87C14-883A-B746-AECA-97A7311B38C1 imported successfully.
2025-02-26 01:23:17,740 - INFO - Expense 938709B9-3C2B-2147-9657-03583BC5B32F imported successfully.
2025-02-26 01:23:17,747 - INFO - Expense 9466131B-BE3F-6545-A3DE-E89C0F5CE712 imported successfully.
2025-02-26 01:23:17,758 - INFO - Expense 957B9124-B0CD-CF4F-8A5E-3FF081B876E4 imported successfully.
2025-02-26 01:23:17,767 - INFO - Expense 957D5969-3F63-7D46-ADFA-590446639F58 imported successfully.
2025-02-26 01:23:17,775 - INFO - Expense 96040AE5-6B9B-D648-A6F8-559DD44A439A imported successfully.
2025-02-26 01:23:17,784 - INFO - Expense 9715E209-472A-B647-B71D-8CFA6ECACA57 imported successfully.
2025-02-26 01:23:17,794 - INFO - Expense 977A2D79-E1F4-C24E-87AB-71FAD3CC922C imported successfully.
2025-02-26 01:23:17,804 - INFO - Expense 98635969-9F5B-FE41-BC4C-ED3E1D70DD17 imported successfully.
2025-02-26 01:23:17,812 - INFO - Expense 992635BE-59F6-2346-BE81-C44A08DCCCB7 imported successfully.
2025-02-26 01:23:17,823 - INFO - Expense 99F863B0-CB01-3248-9587-13802A83E32B imported successfully.
2025-02-26 01:23:17,831 - INFO - Expense 9A183926-1DB3-6146-813E-CE1C101DCBC6 imported successfully.
2025-02-26 01:23:17,840 - INFO - Expense 9A66A754-DD83-7942-A36A-4B364A704450 imported successfully.
2025-02-26 01:23:17,850 - INFO - Expense 9B0A2DCC-65E1-5542-B48F-37082CEF6C7B imported successfully.
2025-02-26 01:23:17,859 - INFO - Expense 9C0CCBC4-E564-474D-B4A6-35E0234F9F9D imported successfully.
2025-02-26 01:23:17,867 - INFO - Expense 9C209422-93B5-0149-A610-7EC2E78CF180 imported successfully.
2025-02-26 01:23:17,876 - INFO - Expense 9C89A946-7575-B744-B940-DE36483A6C80 imported successfully.
2025-02-26 01:23:17,887 - INFO - Expense 9C997F29-5C87-B74D-8C43-1682F8F6DAEC imported successfully.
2025-02-26 01:23:17,897 - INFO - Expense 9DAA1E59-7C7F-3E40-988D-11C43E7347C7 imported successfully.
2025-02-26 01:23:17,908 - INFO - Expense 9DDAF32D-03B9-DE4E-BE46-E04C0AA44358 imported successfully.
2025-02-26 01:23:17,918 - INFO - Expense A5021846-DCCC-FF45-B093-079FF9F7D258 imported successfully.
2025-02-26 01:23:17,927 - INFO - Expense A51F4D54-78C3-1041-86D9-C6DCE1720E96 imported successfully.
2025-02-26 01:23:17,938 - INFO - Expense A57C325D-1B68-5847-8090-B144BEF54F4B imported successfully.
2025-02-26 01:23:17,947 - INFO - Expense A5B59944-5800-9B4E-BF31-E73847366082 imported successfully.
2025-02-26 01:23:17,956 - INFO - Expense A963415B-75D0-274F-A26B-8993A3D723BB imported successfully.
2025-02-26 01:23:17,964 - INFO - Expense AB75F1CC-2D88-9A42-9AFC-2D57D6D253FB imported successfully.
2025-02-26 01:23:17,974 - INFO - Expense ABDB884A-592F-4546-9537-BF7F059B0909 imported successfully.
2025-02-26 01:23:17,982 - INFO - Expense ACC3D841-09D3-4449-9548-F42C6A7E974E imported successfully.
2025-02-26 01:23:17,991 - INFO - Expense AD42CFA5-6616-AC40-B6A1-0AB80BD40388 imported successfully.
2025-02-26 01:23:18,000 - INFO - Expense AE90CB8D-027D-2C4E-AADC-CFD4C3D25687 imported successfully.
2025-02-26 01:23:18,013 - INFO - Expense AF585040-F10C-2949-AB70-390ACB7761F6 imported successfully.
2025-02-26 01:23:18,022 - INFO - Expense B1DAFDC1-4E23-7B4A-B462-E85EB9062434 imported successfully.
2025-02-26 01:23:18,032 - INFO - Expense B2765F0C-E488-B54F-AD6C-834776207ECF imported successfully.
2025-02-26 01:23:18,040 - INFO - Expense B2AF11A1-3023-6149-8F67-463D3A80533D imported successfully.
2025-02-26 01:23:18,049 - INFO - Expense B5428C4C-1535-0E4A-861B-732E7CA18EB7 imported successfully.
2025-02-26 01:23:18,057 - INFO - Expense B797D07B-6744-514B-A835-26FE00D348DC imported successfully.
2025-02-26 01:23:18,066 - INFO - Expense BC1D7788-34CA-DE48-95DB-A2C3D3E60E24 imported successfully.
2025-02-26 01:23:18,074 - INFO - Expense BCCE11C1-E615-0246-9772-E4B82CD9BD1D imported successfully.
2025-02-26 01:23:18,083 - INFO - Expense BCD53AC7-DFAB-7244-97CD-658CE0EF9408 imported successfully.
2025-02-26 01:23:18,093 - INFO - Expense BDD53EAA-B328-BA45-8A71-49A9CC7910BA imported successfully.
2025-02-26 01:23:18,102 - INFO - Expense BF562096-221B-5944-8405-0CA792576D82 imported successfully.
2025-02-26 01:23:18,113 - INFO - Expense C00B1361-EA97-D048-83FF-70D2AEAA5139 imported successfully.
2025-02-26 01:23:18,123 - INFO - Expense C0581E32-01B0-9941-893B-70FC9BA67B78 imported successfully.
2025-02-26 01:23:18,132 - INFO - Expense C2EC1A9E-C292-8440-8B03-B80B365BC16F imported successfully.
2025-02-26 01:23:18,140 - INFO - Expense C465B204-35FD-D249-AB94-AB5AD2891C64 imported successfully.
2025-02-26 01:23:18,149 - INFO - Expense C49077D5-8847-9D44-9164-40487BBD2295 imported successfully.
2025-02-26 01:23:18,158 - INFO - Expense C65C69A5-6FDE-9044-B2B1-1AEA8B547B13 imported successfully.
2025-02-26 01:23:18,167 - INFO - Expense C665273C-09D6-4E46-91D3-990C8310F4E3 imported successfully.
2025-02-26 01:23:18,175 - INFO - Expense C847250C-04E9-2440-98CF-8829D03FA11B imported successfully.
2025-02-26 01:23:18,184 - INFO - Expense C8A49377-C73A-0144-9A75-2FAF324A49AF imported successfully.
2025-02-26 01:23:18,193 - INFO - Expense CADCB479-2737-944D-9AFD-061BF3FE6A39 imported successfully.
2025-02-26 01:23:18,202 - INFO - Expense CAFF30EC-F262-2845-BC84-E54545194954 imported successfully.
2025-02-26 01:23:18,213 - INFO - Expense CCCEB328-DA31-0F45-B2D3-144DD062C9BE imported successfully.
2025-02-26 01:23:18,222 - INFO - Expense CE26C5C2-A4B7-5E41-93DB-1E261D8C6CD2 imported successfully.
2025-02-26 01:23:18,230 - INFO - Expense CE2E9722-BF89-734E-9004-DA9BEBD4F26C imported successfully.
2025-02-26 01:23:18,239 - INFO - Expense CE94CC2A-AC2C-4541-86B6-6E0C06681239 imported successfully.
2025-02-26 01:23:18,247 - INFO - Expense CEB71CD6-C00C-F847-BC7E-0E4F4EBE94E1 imported successfully.
2025-02-26 01:23:18,257 - INFO - Expense CFB20345-0905-A740-B13D-C8177EEBCEF3 imported successfully.
2025-02-26 01:23:18,265 - INFO - Expense D010E58B-2438-084D-AFBC-A5CE67354201 imported successfully.
2025-02-26 01:23:18,274 - INFO - Expense D186B40E-AFE5-F241-9CB0-30CF0C15FCC1 imported successfully.
2025-02-26 01:23:18,283 - INFO - Expense D3E75510-0CF3-0640-B404-7ED1C2A6DE28 imported successfully.
2025-02-26 01:23:18,293 - INFO - Expense D503CE9B-A6AE-C146-BB73-B553C0476DB6 imported successfully.
2025-02-26 01:23:18,302 - INFO - Expense D8FEEAB4-CC6D-4C40-9CD8-4CFDEF686AC0 imported successfully.
2025-02-26 01:23:18,313 - INFO - Expense D96CD977-340F-CE46-A77D-B060D6264D97 imported successfully.
2025-02-26 01:23:18,321 - INFO - Expense DB290924-1E50-CA47-B1CC-D353644D7C02 imported successfully.
2025-02-26 01:23:18,330 - INFO - Expense DB45536B-6B71-EB45-8374-803F6ED43679 imported successfully.
2025-02-26 01:23:18,338 - INFO - Expense DF4C7223-44D3-8D49-90AC-09D8A31A1903 imported successfully.
2025-02-26 01:23:18,347 - INFO - Expense E2C4DA1D-4BD3-2246-ADCA-F103507782F4 imported successfully.
2025-02-26 01:23:18,356 - INFO - Expense E60B563E-952C-DB46-8AF1-7FAA85EA59C9 imported successfully.
2025-02-26 01:23:18,364 - INFO - Expense E8BC26FA-B9A2-8F4C-9CAD-367AD9FA8CB6 imported successfully.
2025-02-26 01:23:18,373 - INFO - Expense EA27BED0-813A-C44E-B7E7-1667F28B7F23 imported successfully.
2025-02-26 01:23:18,382 - INFO - Expense EB96CCA8-2715-0249-83B7-7F479923A016 imported successfully.
2025-02-26 01:23:18,392 - INFO - Expense EF905C37-FDF0-4A4D-90BC-46D8DD84266F imported successfully.
2025-02-26 01:23:18,402 - INFO - Expense F1131D65-2A2C-E84E-A5DB-884DFC7C706F imported successfully.
2025-02-26 01:23:18,413 - INFO - Expense F560B9DC-7943-3947-8567-4A04C73EDC20 imported successfully.
2025-02-26 01:23:18,422 - INFO - Expense F80B6DA8-4DFD-D342-9640-412A20C8D63D imported successfully.
2025-02-26 01:23:18,431 - INFO - Expense F954CECF-7399-204D-BDA3-539954684EF2 imported successfully.
2025-02-26 01:23:18,439 - INFO - Expense FA47F721-4E3A-064E-B613-D0DAF5DCF7A1 imported successfully.
2025-02-26 01:23:18,448 - INFO - Expense FA8F4599-2861-D04B-B3FB-857E7A80C9CB imported successfully.
2025-02-26 01:23:18,457 - INFO - Expense FB5B9919-0AF0-1C43-B14F-41F747DC46D9 imported successfully.
2025-02-26 01:23:18,466 - INFO - Expense FBAFAEC1-50DC-7D48-B963-57FCC2265793 imported successfully.
2025-02-26 01:23:18,474 - INFO - Expense FC1C5B6E-29EC-CE42-9F13-1117FE9D743D imported successfully.
2025-02-26 01:23:18,484 - INFO - Expense FC531049-3E5A-2A4D-BF18-AD725AA709AA imported successfully.
2025-02-26 01:23:18,493 - INFO - Expense FD6C5B49-4C8C-2145-AF77-37E4EADEB70C imported successfully.
2025-02-26 01:23:18,502 - INFO - Expense FF2302CE-F892-1F4C-A194-870C7D96A921 imported successfully.
2025-02-26 01:23:18,502 - INFO - Expense import completed.
2025-02-26 11:15:36,448 - INFO - Starting expense import from /home/ye/sis/cash/exportcash/BcK Uscite cassa.xlsx
2025-02-26 11:15:36,482 - INFO - Cashier ensured: C_SCO
2025-02-26 11:15:36,497 - INFO - Expense 005A2B23-56C5-684A-8B2E-1916E32148EF imported successfully.
2025-02-26 11:15:36,515 - INFO - Expense 01AB8172-EC29-8D45-AA03-806E8DE6603B imported successfully.
2025-02-26 11:15:36,530 - INFO - Expense 024D1CA8-521C-FA4D-96B2-A6F65597BCCF imported successfully.
2025-02-26 11:15:36,545 - INFO - Expense 03564348-6422-2A48-B2FE-96FAFD2EDAB8 imported successfully.
2025-02-26 11:15:36,559 - INFO - Expense 05C5CA07-6078-134A-836A-67ACF64F477D imported successfully.
2025-02-26 11:15:36,577 - INFO - Expense 069FDE58-39DD-C242-B2E8-87298B039E55 imported successfully.
2025-02-26 11:15:36,596 - INFO - Expense 08527D2B-34BE-244A-A887-59CE205F0145 imported successfully.
2025-02-26 11:15:36,613 - INFO - Expense 08C5196F-3312-8843-8AF0-E4C454A833CA imported successfully.
2025-02-26 11:15:36,628 - INFO - Expense 098C1B85-2231-BA4D-8561-DDDC5A057CAD imported successfully.
2025-02-26 11:15:36,645 - INFO - Expense 0C4E352D-1FF3-0146-B71E-5FD869DEF739 imported successfully.
2025-02-26 11:15:36,655 - INFO - Expense 0C4FF0B3-4DBE-8043-BAD1-0D22F3B74F93 imported successfully.
2025-02-26 11:15:36,670 - INFO - Expense 0CF72174-BB00-AD46-A79F-6DDBE9511CCA imported successfully.
2025-02-26 11:15:36,689 - INFO - Expense 0D299D3A-15D5-8C4D-B932-906F675882AF imported successfully.
2025-02-26 11:15:36,705 - INFO - Expense 0DDAA372-562C-DD48-84AE-77E1D6D7F7E6 imported successfully.
2025-02-26 11:15:36,717 - INFO - Expense 0F0C8331-3C41-584F-B8E5-FAC3D50B48D2 imported successfully.
2025-02-26 11:15:36,726 - INFO - Expense 1081161D-5E48-FB4A-BBCA-80E2623CFCC4 imported successfully.
2025-02-26 11:15:36,736 - INFO - Expense 112E2799-7728-1241-B2CF-9F5C620C9F7D imported successfully.
2025-02-26 11:15:36,745 - INFO - Expense 11463843-F39F-7240-AC14-F36705C5BCAF imported successfully.
2025-02-26 11:15:36,754 - INFO - Expense 14F3DF21-58B8-2743-B77B-48441D88DFD3 imported successfully.
2025-02-26 11:15:36,763 - INFO - Expense 155AAA43-A206-3746-988D-8F295A0D6D49 imported successfully.
2025-02-26 11:15:36,773 - INFO - Expense 1777E02E-6D36-C945-B08B-B45D8B456909 imported successfully.
2025-02-26 11:15:36,782 - INFO - Expense 1A0FDFD2-B1B9-7E4C-AD80-E9A1A1FDA728 imported successfully.
2025-02-26 11:15:36,792 - INFO - Expense 1AEACEFD-78D8-EB41-BDC9-A77CB09669C8 imported successfully.
2025-02-26 11:15:36,801 - INFO - Expense 22D22576-EE65-0D43-B72A-1044D118A4B9 imported successfully.
2025-02-26 11:15:36,811 - INFO - Expense 245AB76C-241D-204B-B995-388F5CB6D95C imported successfully.
2025-02-26 11:15:36,819 - INFO - Expense 2483CEE6-89C6-804D-B6D5-11B55DCC0EE4 imported successfully.
2025-02-26 11:15:36,829 - INFO - Expense 270FE28F-5F43-084E-9BE5-FB1A2ACF8663 imported successfully.
2025-02-26 11:15:36,838 - INFO - Expense 2711B240-258C-144B-A198-5DB169FADAC5 imported successfully.
2025-02-26 11:15:36,848 - INFO - Expense 278697A3-CE84-8E4B-9EAD-7C6D2A3F7832 imported successfully.
2025-02-26 11:15:36,857 - INFO - Expense 295FFE62-9293-5147-A562-8CB6D01DD949 imported successfully.
2025-02-26 11:15:36,866 - INFO - Expense 29BBA2DE-88F8-784D-87BC-66B79DA71FF9 imported successfully.
2025-02-26 11:15:36,876 - INFO - Expense 2A92A022-D8A6-D643-B1BB-A2B5AC617A31 imported successfully.
2025-02-26 11:15:36,884 - INFO - Expense 2DBBC101-4038-FC45-84AB-F04CBE96F8D8 imported successfully.
2025-02-26 11:15:36,894 - INFO - Expense 2F574977-2072-0F4B-A204-11C30F3FAA6D imported successfully.
2025-02-26 11:15:36,903 - INFO - Expense 32017311-A465-644B-BA05-71C15830302D imported successfully.
2025-02-26 11:15:36,912 - INFO - Expense 33CDFE2E-48FB-6A4A-B2E1-CDE2360D012E imported successfully.
2025-02-26 11:15:36,921 - INFO - Expense 35938E81-BD53-CA42-B177-8E1BC45C1ABB imported successfully.
2025-02-26 11:15:36,930 - INFO - Expense 35B29A18-0A70-A945-9413-9162ADF473EF imported successfully.
2025-02-26 11:15:36,939 - INFO - Expense 36337614-33FC-0F4E-B13C-F4B344675433 imported successfully.
2025-02-26 11:15:36,948 - INFO - Expense 3638BE16-2912-B644-91D7-97C49B75A615 imported successfully.
2025-02-26 11:15:36,957 - INFO - Expense 37BCCA78-D5B3-4848-A014-3120C87B658A imported successfully.
2025-02-26 11:15:36,967 - INFO - Expense 37BE4C1D-EDDE-974B-8CA5-87DE497201DF imported successfully.
2025-02-26 11:15:36,976 - INFO - Expense 3C7710C8-97FB-324A-9EB1-1DB6F730C319 imported successfully.
2025-02-26 11:15:36,985 - INFO - Expense 3C90DEB4-9DBD-DF47-8067-0C5A11B50E6A imported successfully.
2025-02-26 11:15:36,995 - INFO - Expense 3DF7C61B-4ACA-E64F-8375-46803A950AA7 imported successfully.
2025-02-26 11:15:37,004 - INFO - Expense 3E62C789-1F88-BF4E-9166-4790E06446B9 imported successfully.
2025-02-26 11:15:37,013 - INFO - Expense 3F282625-8997-3A4B-9597-7F6E613610C2 imported successfully.
2025-02-26 11:15:37,022 - INFO - Expense 408F2E7C-2A0B-B642-998E-ABA063C8C89C imported successfully.
2025-02-26 11:15:37,031 - INFO - Expense 410F8518-2567-7A41-9F77-E489CEE4FD0B imported successfully.
2025-02-26 11:15:37,040 - INFO - Expense 4163C573-97F5-8541-91DD-CE52D6D825F1 imported successfully.
2025-02-26 11:15:37,049 - INFO - Expense 4294070F-4A0F-AF4D-98C0-FA9F4A44E4B1 imported successfully.
2025-02-26 11:15:37,059 - INFO - Expense 43E33B61-3355-9B45-9215-3D31175BB08C imported successfully.
2025-02-26 11:15:37,068 - INFO - Expense 44B1E410-AB00-8E4F-8832-F9D10AC77714 imported successfully.
2025-02-26 11:15:37,078 - INFO - Expense 47E3585D-18E0-4E41-B7D0-48A0705D8038 imported successfully.
2025-02-26 11:15:37,087 - INFO - Expense 47F02548-9DEF-BC4F-899C-6E0EF6820E52 imported successfully.
2025-02-26 11:15:37,096 - INFO - Expense 481F8F86-8C8F-C544-825B-AFEF306DCABC imported successfully.
2025-02-26 11:15:37,105 - INFO - Expense 4A2E27C0-13D8-EB4D-AC4E-31AA4DCBDC7A imported successfully.
2025-02-26 11:15:37,115 - INFO - Expense 4A823B59-510F-6946-A012-EDA64BBF7642 imported successfully.
2025-02-26 11:15:37,123 - INFO - Expense 4AFF2941-E397-4641-954D-3B2A2F41EDA6 imported successfully.
2025-02-26 11:15:37,132 - INFO - Expense 4B929537-7EFC-A047-9009-579BD5CAC4E6 imported successfully.
2025-02-26 11:15:37,141 - INFO - Expense 4C5E41DC-C6E5-3A4B-8388-52058E6C7C4C imported successfully.
2025-02-26 11:15:37,151 - INFO - Expense 4E78BFF2-1189-F947-BBC9-BD292372FE95 imported successfully.
2025-02-26 11:15:37,161 - INFO - Expense 4FB9CF8D-4CDA-EB47-AAA9-58A7B6C0D9F3 imported successfully.
2025-02-26 11:15:37,171 - INFO - Expense 522009CC-F7F3-F24C-B276-FA7A3C774087 imported successfully.
2025-02-26 11:15:37,180 - INFO - Expense 52907D2A-DEAA-7E4A-84CB-C6317574654F imported successfully.
2025-02-26 11:15:37,188 - INFO - Expense 53609802-9AAB-434F-9018-D5DBD1A3A3EA imported successfully.
2025-02-26 11:15:37,198 - INFO - Expense 54574D76-A418-0D49-B137-41FA531C8AF2 imported successfully.
2025-02-26 11:15:37,207 - INFO - Expense 557FE422-C351-2C4E-BACA-1D4A178F3CE1 imported successfully.
2025-02-26 11:15:37,216 - INFO - Expense 56A703D8-3B01-9040-BBF0-04D8D2A31CBD imported successfully.
2025-02-26 11:15:37,225 - INFO - Expense 5837BF2F-72FD-AB49-9CCF-4650818C31F6 imported successfully.
2025-02-26 11:15:37,235 - INFO - Expense 59558413-0546-114A-95BF-287DFF36DDFD imported successfully.
2025-02-26 11:15:37,244 - INFO - Expense 59F3BD70-CDF5-6342-BEDD-80707BE20DAB imported successfully.
2025-02-26 11:15:37,252 - INFO - Expense 602CF3E8-4844-C649-B874-71034617F624 imported successfully.
2025-02-26 11:15:37,261 - INFO - Expense 619F7AFA-0AF9-6A42-96B4-2CCF1E69B4B9 imported successfully.
2025-02-26 11:15:37,270 - INFO - Expense 633D4BA0-04A1-7348-A2AE-95A66C83C24B imported successfully.
2025-02-26 11:15:37,278 - INFO - Expense 643187EB-901B-304E-A110-51E643ECA6EA imported successfully.
2025-02-26 11:15:37,288 - INFO - Expense 6607E2EA-11E8-824F-8904-1A0EC9EBADA8 imported successfully.
2025-02-26 11:15:37,297 - INFO - Expense 666AB5C7-CC8F-D143-BE0B-36C5AD29BD63 imported successfully.
2025-02-26 11:15:37,306 - INFO - Expense 670823DA-EA5C-184C-BD20-5C2F0FC7A67B imported successfully.
2025-02-26 11:15:37,314 - INFO - Expense 67850A6B-6B86-B04E-B422-EDBD54DBB40D imported successfully.
2025-02-26 11:15:37,324 - INFO - Expense 678CBAFD-F676-6C46-AEF1-8B28353EC49C imported successfully.
2025-02-26 11:15:37,333 - INFO - Expense 684A86AA-05CF-4D4F-9E1D-2BE39B4729C0 imported successfully.
2025-02-26 11:15:37,343 - INFO - Expense 69323329-9668-CB4F-8E6E-91BA75358BDC imported successfully.
2025-02-26 11:15:37,352 - INFO - Expense 69ED3D60-97F2-E840-B3A6-B66F5CC0781C imported successfully.
2025-02-26 11:15:37,361 - INFO - Expense 6BE1FCA1-8774-0142-BBAC-39815D15EA7F imported successfully.
2025-02-26 11:15:37,369 - INFO - Expense 6C811A60-C69F-A54D-B990-44FB5FEE891E imported successfully.
2025-02-26 11:15:37,378 - INFO - Expense 707DF40E-F824-9C4F-B036-0905CF0A66EA imported successfully.
2025-02-26 11:15:37,387 - INFO - Expense 70E30A0A-5341-1244-94F8-679B1DC314B8 imported successfully.
2025-02-26 11:15:37,396 - INFO - Expense 736FA58F-0361-0C4F-A68B-0210E9294167 imported successfully.
2025-02-26 11:15:37,404 - INFO - Expense 7374E1E8-A668-3141-B2CE-4216FAAE31E3 imported successfully.
2025-02-26 11:15:37,413 - INFO - Expense 740D1EDE-2FBB-B744-BAD3-FCB53F8FEB75 imported successfully.
2025-02-26 11:15:37,424 - INFO - Expense 77B8EE0B-93AC-8F4E-ABB7-03D6548FB002 imported successfully.
2025-02-26 11:15:37,433 - INFO - Expense 77F323A1-B4D2-5540-A579-ED5859C0E3B3 imported successfully.
2025-02-26 11:15:37,443 - INFO - Expense 78AC9E3B-1BCF-434B-93D7-AD4C1D4FA4D0 imported successfully.
2025-02-26 11:15:37,451 - INFO - Expense 78AEE1BC-F961-934D-964B-00965C8F53D6 imported successfully.
2025-02-26 11:15:37,462 - INFO - Expense 7AEC6398-997A-494E-9E7F-40B879F027D0 imported successfully.
2025-02-26 11:15:37,472 - INFO - Expense 7B964F2F-21E7-5C45-9E94-7C1A7AA7E03D imported successfully.
2025-02-26 11:15:37,481 - INFO - Expense 7C427FDF-CE85-AD45-A1A3-6E3D9D596F1F imported successfully.
2025-02-26 11:15:37,491 - INFO - Expense 7DC7A86A-9F1F-A540-8ED7-2B556BAC5151 imported successfully.
2025-02-26 11:15:37,501 - INFO - Expense 7E7EA710-298A-C942-87C5-D53C1E5AC82F imported successfully.
2025-02-26 11:15:37,513 - INFO - Expense 7F5ADF04-4CBA-9246-8498-16361FB5CA0A imported successfully.
2025-02-26 11:15:37,521 - INFO - Expense 7F7B30A0-0885-1145-A49E-AB8E17C7DA5C imported successfully.
2025-02-26 11:15:37,531 - INFO - Expense 82BCDA29-D49C-0D43-B73A-18E0F211FF31 imported successfully.
2025-02-26 11:15:37,540 - INFO - Expense 8573A79F-CE31-054F-B57A-3037D95E95D7 imported successfully.
2025-02-26 11:15:37,550 - INFO - Expense 862B2853-FD8A-6341-A566-353941D19551 imported successfully.
2025-02-26 11:15:37,559 - INFO - Expense 866BD0D7-196D-C740-9AE9-3D0EC9A9A860 imported successfully.
2025-02-26 11:15:37,568 - INFO - Expense 8748F00C-3768-F84A-A294-37BD517B561A imported successfully.
2025-02-26 11:15:37,577 - INFO - Expense 88190268-FB6F-9740-9865-F63F9E616EE9 imported successfully.
2025-02-26 11:15:37,585 - INFO - Expense 8A408D39-6169-9148-A5DA-36220DF7DFDB imported successfully.
2025-02-26 11:15:37,593 - INFO - Expense 8ACFA700-B0A4-1048-90E7-BEC37B8B05E1 imported successfully.
2025-02-26 11:15:37,602 - INFO - Expense 8C3A4ED1-AB53-E940-BD6B-444B30B0B887 imported successfully.
2025-02-26 11:15:37,612 - INFO - Expense 8C97A588-517D-F241-9C69-FAFE009CDC7F imported successfully.
2025-02-26 11:15:37,621 - INFO - Expense 8F1BF1B0-9C7D-D94B-8508-BF119CD7F1CB imported successfully.
2025-02-26 11:15:37,629 - INFO - Expense 92D87C14-883A-B746-AECA-97A7311B38C1 imported successfully.
2025-02-26 11:15:37,638 - INFO - Expense 938709B9-3C2B-2147-9657-03583BC5B32F imported successfully.
2025-02-26 11:15:37,647 - INFO - Expense 9466131B-BE3F-6545-A3DE-E89C0F5CE712 imported successfully.
2025-02-26 11:15:37,656 - INFO - Expense 957B9124-B0CD-CF4F-8A5E-3FF081B876E4 imported successfully.
2025-02-26 11:15:37,664 - INFO - Expense 957D5969-3F63-7D46-ADFA-590446639F58 imported successfully.
2025-02-26 11:15:37,673 - INFO - Expense 96040AE5-6B9B-D648-A6F8-559DD44A439A imported successfully.
2025-02-26 11:15:37,681 - INFO - Expense 9715E209-472A-B647-B71D-8CFA6ECACA57 imported successfully.
2025-02-26 11:15:37,690 - INFO - Expense 977A2D79-E1F4-C24E-87AB-71FAD3CC922C imported successfully.
2025-02-26 11:15:37,700 - INFO - Expense 98635969-9F5B-FE41-BC4C-ED3E1D70DD17 imported successfully.
2025-02-26 11:15:37,708 - INFO - Expense 992635BE-59F6-2346-BE81-C44A08DCCCB7 imported successfully.
2025-02-26 11:15:37,717 - INFO - Expense 99F863B0-CB01-3248-9587-13802A83E32B imported successfully.
2025-02-26 11:15:37,725 - INFO - Expense 9A183926-1DB3-6146-813E-CE1C101DCBC6 imported successfully.
2025-02-26 11:15:37,734 - INFO - Expense 9A66A754-DD83-7942-A36A-4B364A704450 imported successfully.
2025-02-26 11:15:37,741 - INFO - Expense 9B0A2DCC-65E1-5542-B48F-37082CEF6C7B imported successfully.
2025-02-26 11:15:37,750 - INFO - Expense 9C0CCBC4-E564-474D-B4A6-35E0234F9F9D imported successfully.
2025-02-26 11:15:37,759 - INFO - Expense 9C209422-93B5-0149-A610-7EC2E78CF180 imported successfully.
2025-02-26 11:15:37,767 - INFO - Expense 9C89A946-7575-B744-B940-DE36483A6C80 imported successfully.
2025-02-26 11:15:37,776 - INFO - Expense 9C997F29-5C87-B74D-8C43-1682F8F6DAEC imported successfully.
2025-02-26 11:15:37,785 - INFO - Expense 9DAA1E59-7C7F-3E40-988D-11C43E7347C7 imported successfully.
2025-02-26 11:15:37,794 - INFO - Expense 9DDAF32D-03B9-DE4E-BE46-E04C0AA44358 imported successfully.
2025-02-26 11:15:37,802 - INFO - Expense A5021846-DCCC-FF45-B093-079FF9F7D258 imported successfully.
2025-02-26 11:15:37,813 - INFO - Expense A51F4D54-78C3-1041-86D9-C6DCE1720E96 imported successfully.
2025-02-26 11:15:37,823 - INFO - Expense A57C325D-1B68-5847-8090-B144BEF54F4B imported successfully.
2025-02-26 11:15:37,832 - INFO - Expense A5B59944-5800-9B4E-BF31-E73847366082 imported successfully.
2025-02-26 11:15:37,840 - INFO - Expense A963415B-75D0-274F-A26B-8993A3D723BB imported successfully.
2025-02-26 11:15:37,849 - INFO - Expense AB75F1CC-2D88-9A42-9AFC-2D57D6D253FB imported successfully.
2025-02-26 11:15:37,857 - INFO - Expense ABDB884A-592F-4546-9537-BF7F059B0909 imported successfully.
2025-02-26 11:15:37,866 - INFO - Expense ACC3D841-09D3-4449-9548-F42C6A7E974E imported successfully.
2025-02-26 11:15:37,875 - INFO - Expense AD42CFA5-6616-AC40-B6A1-0AB80BD40388 imported successfully.
2025-02-26 11:15:37,884 - INFO - Expense AE90CB8D-027D-2C4E-AADC-CFD4C3D25687 imported successfully.
2025-02-26 11:15:37,892 - INFO - Expense AF585040-F10C-2949-AB70-390ACB7761F6 imported successfully.
2025-02-26 11:15:37,901 - INFO - Expense B1DAFDC1-4E23-7B4A-B462-E85EB9062434 imported successfully.
2025-02-26 11:15:37,909 - INFO - Expense B2765F0C-E488-B54F-AD6C-834776207ECF imported successfully.
2025-02-26 11:15:37,919 - INFO - Expense B2AF11A1-3023-6149-8F67-463D3A80533D imported successfully.
2025-02-26 11:15:37,928 - INFO - Expense B5428C4C-1535-0E4A-861B-732E7CA18EB7 imported successfully.
2025-02-26 11:15:37,942 - INFO - Expense B797D07B-6744-514B-A835-26FE00D348DC imported successfully.
2025-02-26 11:15:37,951 - INFO - Expense BC1D7788-34CA-DE48-95DB-A2C3D3E60E24 imported successfully.
2025-02-26 11:15:37,960 - INFO - Expense BCCE11C1-E615-0246-9772-E4B82CD9BD1D imported successfully.
2025-02-26 11:15:37,969 - INFO - Expense BCD53AC7-DFAB-7244-97CD-658CE0EF9408 imported successfully.
2025-02-26 11:15:37,977 - INFO - Expense BDD53EAA-B328-BA45-8A71-49A9CC7910BA imported successfully.
2025-02-26 11:15:37,986 - INFO - Expense BF562096-221B-5944-8405-0CA792576D82 imported successfully.
2025-02-26 11:15:37,994 - INFO - Expense C00B1361-EA97-D048-83FF-70D2AEAA5139 imported successfully.
2025-02-26 11:15:38,005 - INFO - Expense C0581E32-01B0-9941-893B-70FC9BA67B78 imported successfully.
2025-02-26 11:15:38,014 - INFO - Expense C2EC1A9E-C292-8440-8B03-B80B365BC16F imported successfully.
2025-02-26 11:15:38,023 - INFO - Expense C465B204-35FD-D249-AB94-AB5AD2891C64 imported successfully.
2025-02-26 11:15:38,031 - INFO - Expense C49077D5-8847-9D44-9164-40487BBD2295 imported successfully.
2025-02-26 11:15:38,040 - INFO - Expense C65C69A5-6FDE-9044-B2B1-1AEA8B547B13 imported successfully.
2025-02-26 11:15:38,049 - INFO - Expense C665273C-09D6-4E46-91D3-990C8310F4E3 imported successfully.
2025-02-26 11:15:38,060 - INFO - Expense C847250C-04E9-2440-98CF-8829D03FA11B imported successfully.
2025-02-26 11:15:38,067 - INFO - Expense C8A49377-C73A-0144-9A75-2FAF324A49AF imported successfully.
2025-02-26 11:15:38,076 - INFO - Expense CADCB479-2737-944D-9AFD-061BF3FE6A39 imported successfully.
2025-02-26 11:15:38,084 - INFO - Expense CAFF30EC-F262-2845-BC84-E54545194954 imported successfully.
2025-02-26 11:15:38,094 - INFO - Expense CCCEB328-DA31-0F45-B2D3-144DD062C9BE imported successfully.
2025-02-26 11:15:38,102 - INFO - Expense CE26C5C2-A4B7-5E41-93DB-1E261D8C6CD2 imported successfully.
2025-02-26 11:15:38,112 - INFO - Expense CE2E9722-BF89-734E-9004-DA9BEBD4F26C imported successfully.
2025-02-26 11:15:38,121 - INFO - Expense CE94CC2A-AC2C-4541-86B6-6E0C06681239 imported successfully.
2025-02-26 11:15:38,129 - INFO - Expense CEB71CD6-C00C-F847-BC7E-0E4F4EBE94E1 imported successfully.
2025-02-26 11:15:38,138 - INFO - Expense CFB20345-0905-A740-B13D-C8177EEBCEF3 imported successfully.
2025-02-26 11:15:38,146 - INFO - Expense D010E58B-2438-084D-AFBC-A5CE67354201 imported successfully.
2025-02-26 11:15:38,155 - INFO - Expense D186B40E-AFE5-F241-9CB0-30CF0C15FCC1 imported successfully.
2025-02-26 11:15:38,163 - INFO - Expense D3E75510-0CF3-0640-B404-7ED1C2A6DE28 imported successfully.
2025-02-26 11:15:38,172 - INFO - Expense D503CE9B-A6AE-C146-BB73-B553C0476DB6 imported successfully.
2025-02-26 11:15:38,180 - INFO - Expense D8FEEAB4-CC6D-4C40-9CD8-4CFDEF686AC0 imported successfully.
2025-02-26 11:15:38,189 - INFO - Expense D96CD977-340F-CE46-A77D-B060D6264D97 imported successfully.
2025-02-26 11:15:38,197 - INFO - Expense DB290924-1E50-CA47-B1CC-D353644D7C02 imported successfully.
2025-02-26 11:15:38,206 - INFO - Expense DB45536B-6B71-EB45-8374-803F6ED43679 imported successfully.
2025-02-26 11:15:38,215 - INFO - Expense DF4C7223-44D3-8D49-90AC-09D8A31A1903 imported successfully.
2025-02-26 11:15:38,224 - INFO - Expense E2C4DA1D-4BD3-2246-ADCA-F103507782F4 imported successfully.
2025-02-26 11:15:38,234 - INFO - Expense E60B563E-952C-DB46-8AF1-7FAA85EA59C9 imported successfully.
2025-02-26 11:15:38,243 - INFO - Expense E8BC26FA-B9A2-8F4C-9CAD-367AD9FA8CB6 imported successfully.
2025-02-26 11:15:38,251 - INFO - Expense EA27BED0-813A-C44E-B7E7-1667F28B7F23 imported successfully.
2025-02-26 11:15:38,261 - INFO - Expense EB96CCA8-2715-0249-83B7-7F479923A016 imported successfully.
2025-02-26 11:15:38,269 - INFO - Expense EF905C37-FDF0-4A4D-90BC-46D8DD84266F imported successfully.
2025-02-26 11:15:38,278 - INFO - Expense F1131D65-2A2C-E84E-A5DB-884DFC7C706F imported successfully.
2025-02-26 11:15:38,287 - INFO - Expense F560B9DC-7943-3947-8567-4A04C73EDC20 imported successfully.
2025-02-26 11:15:38,296 - INFO - Expense F80B6DA8-4DFD-D342-9640-412A20C8D63D imported successfully.
2025-02-26 11:15:38,306 - INFO - Expense F954CECF-7399-204D-BDA3-539954684EF2 imported successfully.
2025-02-26 11:15:38,315 - INFO - Expense FA47F721-4E3A-064E-B613-D0DAF5DCF7A1 imported successfully.
2025-02-26 11:15:38,324 - INFO - Expense FA8F4599-2861-D04B-B3FB-857E7A80C9CB imported successfully.
2025-02-26 11:15:38,333 - INFO - Expense FB5B9919-0AF0-1C43-B14F-41F747DC46D9 imported successfully.
2025-02-26 11:15:38,342 - INFO - Expense FBAFAEC1-50DC-7D48-B963-57FCC2265793 imported successfully.
2025-02-26 11:15:38,351 - INFO - Expense FC1C5B6E-29EC-CE42-9F13-1117FE9D743D imported successfully.
2025-02-26 11:15:38,360 - INFO - Expense FC531049-3E5A-2A4D-BF18-AD725AA709AA imported successfully.
2025-02-26 11:15:38,369 - INFO - Expense FD6C5B49-4C8C-2145-AF77-37E4EADEB70C imported successfully.
2025-02-26 11:15:38,378 - INFO - Expense FF2302CE-F892-1F4C-A194-870C7D96A921 imported successfully.
2025-02-26 11:15:38,379 - INFO - Expense import completed.
2025-02-27 11:00:21,042 - INFO - Starting expense import from /home/ye/sis/cash/exportcash/BcK Uscite cassa.xlsx
2025-02-27 11:00:21,072 - INFO - Cashier ensured: C_SCO
2025-02-27 11:00:21,084 - INFO - Expense 005A2B23-56C5-684A-8B2E-1916E32148EF imported successfully.
2025-02-27 11:00:21,095 - INFO - Expense 01AB8172-EC29-8D45-AA03-806E8DE6603B imported successfully.
2025-02-27 11:00:21,107 - INFO - Expense 024D1CA8-521C-FA4D-96B2-A6F65597BCCF imported successfully.
2025-02-27 11:00:21,119 - INFO - Expense 03564348-6422-2A48-B2FE-96FAFD2EDAB8 imported successfully.
2025-02-27 11:00:21,130 - INFO - Expense 05C5CA07-6078-134A-836A-67ACF64F477D imported successfully.
2025-02-27 11:00:21,141 - INFO - Expense 069FDE58-39DD-C242-B2E8-87298B039E55 imported successfully.
2025-02-27 11:00:21,151 - INFO - Expense 08527D2B-34BE-244A-A887-59CE205F0145 imported successfully.
2025-02-27 11:00:21,161 - INFO - Expense 08C5196F-3312-8843-8AF0-E4C454A833CA imported successfully.
2025-02-27 11:00:21,171 - INFO - Expense 098C1B85-2231-BA4D-8561-DDDC5A057CAD imported successfully.
2025-02-27 11:00:21,182 - INFO - Expense 0C4E352D-1FF3-0146-B71E-5FD869DEF739 imported successfully.
2025-02-27 11:00:21,193 - INFO - Expense 0C4FF0B3-4DBE-8043-BAD1-0D22F3B74F93 imported successfully.
2025-02-27 11:00:21,202 - INFO - Expense 0CF72174-BB00-AD46-A79F-6DDBE9511CCA imported successfully.
2025-02-27 11:00:21,213 - INFO - Expense 0D299D3A-15D5-8C4D-B932-906F675882AF imported successfully.
2025-02-27 11:00:21,223 - INFO - Expense 0DDAA372-562C-DD48-84AE-77E1D6D7F7E6 imported successfully.
2025-02-27 11:00:21,232 - INFO - Expense 0F0C8331-3C41-584F-B8E5-FAC3D50B48D2 imported successfully.
2025-02-27 11:00:21,241 - INFO - Expense 1081161D-5E48-FB4A-BBCA-80E2623CFCC4 imported successfully.
2025-02-27 11:00:21,250 - INFO - Expense 112E2799-7728-1241-B2CF-9F5C620C9F7D imported successfully.
2025-02-27 11:00:21,259 - INFO - Expense 11463843-F39F-7240-AC14-F36705C5BCAF imported successfully.
2025-02-27 11:00:21,269 - INFO - Expense 14F3DF21-58B8-2743-B77B-48441D88DFD3 imported successfully.
2025-02-27 11:00:21,277 - INFO - Expense 155AAA43-A206-3746-988D-8F295A0D6D49 imported successfully.
2025-02-27 11:00:21,287 - INFO - Expense 1777E02E-6D36-C945-B08B-B45D8B456909 imported successfully.
2025-02-27 11:00:21,295 - INFO - Expense 1A0FDFD2-B1B9-7E4C-AD80-E9A1A1FDA728 imported successfully.
2025-02-27 11:00:21,304 - INFO - Expense 1AEACEFD-78D8-EB41-BDC9-A77CB09669C8 imported successfully.
2025-02-27 11:00:21,313 - INFO - Expense 22D22576-EE65-0D43-B72A-1044D118A4B9 imported successfully.
2025-02-27 11:00:21,321 - INFO - Expense 245AB76C-241D-204B-B995-388F5CB6D95C imported successfully.
2025-02-27 11:00:21,330 - INFO - Expense 2483CEE6-89C6-804D-B6D5-11B55DCC0EE4 imported successfully.
2025-02-27 11:00:21,339 - INFO - Expense 270FE28F-5F43-084E-9BE5-FB1A2ACF8663 imported successfully.
2025-02-27 11:00:21,347 - INFO - Expense 2711B240-258C-144B-A198-5DB169FADAC5 imported successfully.
2025-02-27 11:00:21,356 - INFO - Expense 278697A3-CE84-8E4B-9EAD-7C6D2A3F7832 imported successfully.
2025-02-27 11:00:21,364 - INFO - Expense 295FFE62-9293-5147-A562-8CB6D01DD949 imported successfully.
2025-02-27 11:00:21,373 - INFO - Expense 29BBA2DE-88F8-784D-87BC-66B79DA71FF9 imported successfully.
2025-02-27 11:00:21,382 - INFO - Expense 2A92A022-D8A6-D643-B1BB-A2B5AC617A31 imported successfully.
2025-02-27 11:00:21,390 - INFO - Expense 2DBBC101-4038-FC45-84AB-F04CBE96F8D8 imported successfully.
2025-02-27 11:00:21,399 - INFO - Expense 2F574977-2072-0F4B-A204-11C30F3FAA6D imported successfully.
2025-02-27 11:00:21,407 - INFO - Expense 32017311-A465-644B-BA05-71C15830302D imported successfully.
2025-02-27 11:00:21,416 - INFO - Expense 33CDFE2E-48FB-6A4A-B2E1-CDE2360D012E imported successfully.
2025-02-27 11:00:21,424 - INFO - Expense 35938E81-BD53-CA42-B177-8E1BC45C1ABB imported successfully.
2025-02-27 11:00:21,432 - INFO - Expense 35B29A18-0A70-A945-9413-9162ADF473EF imported successfully.
2025-02-27 11:00:21,442 - INFO - Expense 36337614-33FC-0F4E-B13C-F4B344675433 imported successfully.
2025-02-27 11:00:21,451 - INFO - Expense 3638BE16-2912-B644-91D7-97C49B75A615 imported successfully.
2025-02-27 11:00:21,459 - INFO - Expense 37BCCA78-D5B3-4848-A014-3120C87B658A imported successfully.
2025-02-27 11:00:21,468 - INFO - Expense 37BE4C1D-EDDE-974B-8CA5-87DE497201DF imported successfully.
2025-02-27 11:00:21,477 - INFO - Expense 3C7710C8-97FB-324A-9EB1-1DB6F730C319 imported successfully.
2025-02-27 11:00:21,486 - INFO - Expense 3C90DEB4-9DBD-DF47-8067-0C5A11B50E6A imported successfully.
2025-02-27 11:00:21,494 - INFO - Expense 3DF7C61B-4ACA-E64F-8375-46803A950AA7 imported successfully.
2025-02-27 11:00:21,503 - INFO - Expense 3E62C789-1F88-BF4E-9166-4790E06446B9 imported successfully.
2025-02-27 11:00:21,511 - INFO - Expense 3F282625-8997-3A4B-9597-7F6E613610C2 imported successfully.
2025-02-27 11:00:21,520 - INFO - Expense 408F2E7C-2A0B-B642-998E-ABA063C8C89C imported successfully.
2025-02-27 11:00:21,529 - INFO - Expense 410F8518-2567-7A41-9F77-E489CEE4FD0B imported successfully.
2025-02-27 11:00:21,537 - INFO - Expense 4163C573-97F5-8541-91DD-CE52D6D825F1 imported successfully.
2025-02-27 11:00:21,546 - INFO - Expense 4294070F-4A0F-AF4D-98C0-FA9F4A44E4B1 imported successfully.
2025-02-27 11:00:21,554 - INFO - Expense 43E33B61-3355-9B45-9215-3D31175BB08C imported successfully.
2025-02-27 11:00:21,564 - INFO - Expense 44B1E410-AB00-8E4F-8832-F9D10AC77714 imported successfully.
2025-02-27 11:00:21,572 - INFO - Expense 47E3585D-18E0-4E41-B7D0-48A0705D8038 imported successfully.
2025-02-27 11:00:21,580 - INFO - Expense 47F02548-9DEF-BC4F-899C-6E0EF6820E52 imported successfully.
2025-02-27 11:00:21,588 - INFO - Expense 481F8F86-8C8F-C544-825B-AFEF306DCABC imported successfully.
2025-02-27 11:00:21,598 - INFO - Expense 4A2E27C0-13D8-EB4D-AC4E-31AA4DCBDC7A imported successfully.
2025-02-27 11:00:21,606 - INFO - Expense 4A823B59-510F-6946-A012-EDA64BBF7642 imported successfully.
2025-02-27 11:00:21,620 - INFO - Expense 4AFF2941-E397-4641-954D-3B2A2F41EDA6 imported successfully.
2025-02-27 11:00:21,629 - INFO - Expense 4B929537-7EFC-A047-9009-579BD5CAC4E6 imported successfully.
2025-02-27 11:00:21,637 - INFO - Expense 4C5E41DC-C6E5-3A4B-8388-52058E6C7C4C imported successfully.
2025-02-27 11:00:21,646 - INFO - Expense 4E78BFF2-1189-F947-BBC9-BD292372FE95 imported successfully.
2025-02-27 11:00:21,656 - INFO - Expense 4FB9CF8D-4CDA-EB47-AAA9-58A7B6C0D9F3 imported successfully.
2025-02-27 11:00:21,665 - INFO - Expense 522009CC-F7F3-F24C-B276-FA7A3C774087 imported successfully.
2025-02-27 11:00:21,673 - INFO - Expense 52907D2A-DEAA-7E4A-84CB-C6317574654F imported successfully.
2025-02-27 11:00:21,681 - INFO - Expense 53609802-9AAB-434F-9018-D5DBD1A3A3EA imported successfully.
2025-02-27 11:00:21,690 - INFO - Expense 54574D76-A418-0D49-B137-41FA531C8AF2 imported successfully.
2025-02-27 11:00:21,700 - INFO - Expense 557FE422-C351-2C4E-BACA-1D4A178F3CE1 imported successfully.
2025-02-27 11:00:21,709 - INFO - Expense 56A703D8-3B01-9040-BBF0-04D8D2A31CBD imported successfully.
2025-02-27 11:00:21,717 - INFO - Expense 5837BF2F-72FD-AB49-9CCF-4650818C31F6 imported successfully.
2025-02-27 11:00:21,726 - INFO - Expense 59558413-0546-114A-95BF-287DFF36DDFD imported successfully.
2025-02-27 11:00:21,734 - INFO - Expense 59F3BD70-CDF5-6342-BEDD-80707BE20DAB imported successfully.
2025-02-27 11:00:21,742 - INFO - Expense 602CF3E8-4844-C649-B874-71034617F624 imported successfully.
2025-02-27 11:00:21,751 - INFO - Expense 619F7AFA-0AF9-6A42-96B4-2CCF1E69B4B9 imported successfully.
2025-02-27 11:00:21,760 - INFO - Expense 633D4BA0-04A1-7348-A2AE-95A66C83C24B imported successfully.
2025-02-27 11:00:21,768 - INFO - Expense 643187EB-901B-304E-A110-51E643ECA6EA imported successfully.
2025-02-27 11:00:21,777 - INFO - Expense 6607E2EA-11E8-824F-8904-1A0EC9EBADA8 imported successfully.
2025-02-27 11:00:21,785 - INFO - Expense 666AB5C7-CC8F-D143-BE0B-36C5AD29BD63 imported successfully.
2025-02-27 11:00:21,794 - INFO - Expense 670823DA-EA5C-184C-BD20-5C2F0FC7A67B imported successfully.
2025-02-27 11:00:21,803 - INFO - Expense 67850A6B-6B86-B04E-B422-EDBD54DBB40D imported successfully.
2025-02-27 11:00:21,812 - INFO - Expense 678CBAFD-F676-6C46-AEF1-8B28353EC49C imported successfully.
2025-02-27 11:00:21,820 - INFO - Expense 684A86AA-05CF-4D4F-9E1D-2BE39B4729C0 imported successfully.
2025-02-27 11:00:21,828 - INFO - Expense 69323329-9668-CB4F-8E6E-91BA75358BDC imported successfully.
2025-02-27 11:00:21,836 - INFO - Expense 69ED3D60-97F2-E840-B3A6-B66F5CC0781C imported successfully.
2025-02-27 11:00:21,846 - INFO - Expense 6BE1FCA1-8774-0142-BBAC-39815D15EA7F imported successfully.
2025-02-27 11:00:21,856 - INFO - Expense 6C811A60-C69F-A54D-B990-44FB5FEE891E imported successfully.
2025-02-27 11:00:21,866 - INFO - Expense 707DF40E-F824-9C4F-B036-0905CF0A66EA imported successfully.
2025-02-27 11:00:21,874 - INFO - Expense 70E30A0A-5341-1244-94F8-679B1DC314B8 imported successfully.
2025-02-27 11:00:21,882 - INFO - Expense 736FA58F-0361-0C4F-A68B-0210E9294167 imported successfully.
2025-02-27 11:00:21,891 - INFO - Expense 7374E1E8-A668-3141-B2CE-4216FAAE31E3 imported successfully.
2025-02-27 11:00:21,900 - INFO - Expense 740D1EDE-2FBB-B744-BAD3-FCB53F8FEB75 imported successfully.
2025-02-27 11:00:21,909 - INFO - Expense 77B8EE0B-93AC-8F4E-ABB7-03D6548FB002 imported successfully.
2025-02-27 11:00:21,917 - INFO - Expense 77F323A1-B4D2-5540-A579-ED5859C0E3B3 imported successfully.
2025-02-27 11:00:21,925 - INFO - Expense 78AC9E3B-1BCF-434B-93D7-AD4C1D4FA4D0 imported successfully.
2025-02-27 11:00:21,933 - INFO - Expense 78AEE1BC-F961-934D-964B-00965C8F53D6 imported successfully.
2025-02-27 11:00:21,943 - INFO - Expense 7AEC6398-997A-494E-9E7F-40B879F027D0 imported successfully.
2025-02-27 11:00:21,951 - INFO - Expense 7B964F2F-21E7-5C45-9E94-7C1A7AA7E03D imported successfully.
2025-02-27 11:00:21,959 - INFO - Expense 7C427FDF-CE85-AD45-A1A3-6E3D9D596F1F imported successfully.
2025-02-27 11:00:21,968 - INFO - Expense 7DC7A86A-9F1F-A540-8ED7-2B556BAC5151 imported successfully.
2025-02-27 11:00:21,977 - INFO - Expense 7E7EA710-298A-C942-87C5-D53C1E5AC82F imported successfully.
2025-02-27 11:00:21,986 - INFO - Expense 7F5ADF04-4CBA-9246-8498-16361FB5CA0A imported successfully.
2025-02-27 11:00:21,996 - INFO - Expense 7F7B30A0-0885-1145-A49E-AB8E17C7DA5C imported successfully.
2025-02-27 11:00:22,006 - INFO - Expense 82BCDA29-D49C-0D43-B73A-18E0F211FF31 imported successfully.
2025-02-27 11:00:22,015 - INFO - Expense 8573A79F-CE31-054F-B57A-3037D95E95D7 imported successfully.
2025-02-27 11:00:22,024 - INFO - Expense 862B2853-FD8A-6341-A566-353941D19551 imported successfully.
2025-02-27 11:00:22,032 - INFO - Expense 866BD0D7-196D-C740-9AE9-3D0EC9A9A860 imported successfully.
2025-02-27 11:00:22,040 - INFO - Expense 8748F00C-3768-F84A-A294-37BD517B561A imported successfully.
2025-02-27 11:00:22,051 - INFO - Expense 88190268-FB6F-9740-9865-F63F9E616EE9 imported successfully.
2025-02-27 11:00:22,059 - INFO - Expense 8A408D39-6169-9148-A5DA-36220DF7DFDB imported successfully.
2025-02-27 11:00:22,067 - INFO - Expense 8ACFA700-B0A4-1048-90E7-BEC37B8B05E1 imported successfully.
2025-02-27 11:00:22,076 - INFO - Expense 8C3A4ED1-AB53-E940-BD6B-444B30B0B887 imported successfully.
2025-02-27 11:00:22,084 - INFO - Expense 8C97A588-517D-F241-9C69-FAFE009CDC7F imported successfully.
2025-02-27 11:00:22,092 - INFO - Expense 8F1BF1B0-9C7D-D94B-8508-BF119CD7F1CB imported successfully.
2025-02-27 11:00:22,100 - INFO - Expense 92D87C14-883A-B746-AECA-97A7311B38C1 imported successfully.
2025-02-27 11:00:22,110 - INFO - Expense 938709B9-3C2B-2147-9657-03583BC5B32F imported successfully.
2025-02-27 11:00:22,118 - INFO - Expense 9466131B-BE3F-6545-A3DE-E89C0F5CE712 imported successfully.
2025-02-27 11:00:22,126 - INFO - Expense 957B9124-B0CD-CF4F-8A5E-3FF081B876E4 imported successfully.
2025-02-27 11:00:22,133 - INFO - Expense 957D5969-3F63-7D46-ADFA-590446639F58 imported successfully.
2025-02-27 11:00:22,142 - INFO - Expense 96040AE5-6B9B-D648-A6F8-559DD44A439A imported successfully.
2025-02-27 11:00:22,152 - INFO - Expense 9715E209-472A-B647-B71D-8CFA6ECACA57 imported successfully.
2025-02-27 11:00:22,161 - INFO - Expense 977A2D79-E1F4-C24E-87AB-71FAD3CC922C imported successfully.
2025-02-27 11:00:22,169 - INFO - Expense 98635969-9F5B-FE41-BC4C-ED3E1D70DD17 imported successfully.
2025-02-27 11:00:22,177 - INFO - Expense 992635BE-59F6-2346-BE81-C44A08DCCCB7 imported successfully.
2025-02-27 11:00:22,186 - INFO - Expense 99F863B0-CB01-3248-9587-13802A83E32B imported successfully.
2025-02-27 11:00:22,194 - INFO - Expense 9A183926-1DB3-6146-813E-CE1C101DCBC6 imported successfully.
2025-02-27 11:00:22,204 - INFO - Expense 9A66A754-DD83-7942-A36A-4B364A704450 imported successfully.
2025-02-27 11:00:22,212 - INFO - Expense 9B0A2DCC-65E1-5542-B48F-37082CEF6C7B imported successfully.
2025-02-27 11:00:22,221 - INFO - Expense 9C0CCBC4-E564-474D-B4A6-35E0234F9F9D imported successfully.
2025-02-27 11:00:22,229 - INFO - Expense 9C209422-93B5-0149-A610-7EC2E78CF180 imported successfully.
2025-02-27 11:00:22,237 - INFO - Expense 9C89A946-7575-B744-B940-DE36483A6C80 imported successfully.
2025-02-27 11:00:22,246 - INFO - Expense 9C997F29-5C87-B74D-8C43-1682F8F6DAEC imported successfully.
2025-02-27 11:00:22,255 - INFO - Expense 9DAA1E59-7C7F-3E40-988D-11C43E7347C7 imported successfully.
2025-02-27 11:00:22,263 - INFO - Expense 9DDAF32D-03B9-DE4E-BE46-E04C0AA44358 imported successfully.
2025-02-27 11:00:22,271 - INFO - Expense A5021846-DCCC-FF45-B093-079FF9F7D258 imported successfully.
2025-02-27 11:00:22,279 - INFO - Expense A51F4D54-78C3-1041-86D9-C6DCE1720E96 imported successfully.
2025-02-27 11:00:22,287 - INFO - Expense A57C325D-1B68-5847-8090-B144BEF54F4B imported successfully.
2025-02-27 11:00:22,297 - INFO - Expense A5B59944-5800-9B4E-BF31-E73847366082 imported successfully.
2025-02-27 11:00:22,307 - INFO - Expense A963415B-75D0-274F-A26B-8993A3D723BB imported successfully.
2025-02-27 11:00:22,315 - INFO - Expense AB75F1CC-2D88-9A42-9AFC-2D57D6D253FB imported successfully.
2025-02-27 11:00:22,323 - INFO - Expense ABDB884A-592F-4546-9537-BF7F059B0909 imported successfully.
2025-02-27 11:00:22,331 - INFO - Expense ACC3D841-09D3-4449-9548-F42C6A7E974E imported successfully.
2025-02-27 11:00:22,339 - INFO - Expense AD42CFA5-6616-AC40-B6A1-0AB80BD40388 imported successfully.
2025-02-27 11:00:22,348 - INFO - Expense AE90CB8D-027D-2C4E-AADC-CFD4C3D25687 imported successfully.
2025-02-27 11:00:22,356 - INFO - Expense AF585040-F10C-2949-AB70-390ACB7761F6 imported successfully.
2025-02-27 11:00:22,364 - INFO - Expense B1DAFDC1-4E23-7B4A-B462-E85EB9062434 imported successfully.
2025-02-27 11:00:22,372 - INFO - Expense B2765F0C-E488-B54F-AD6C-834776207ECF imported successfully.
2025-02-27 11:00:22,381 - INFO - Expense B2AF11A1-3023-6149-8F67-463D3A80533D imported successfully.
2025-02-27 11:00:22,389 - INFO - Expense B5428C4C-1535-0E4A-861B-732E7CA18EB7 imported successfully.
2025-02-27 11:00:22,397 - INFO - Expense B797D07B-6744-514B-A835-26FE00D348DC imported successfully.
2025-02-27 11:00:22,407 - INFO - Expense BC1D7788-34CA-DE48-95DB-A2C3D3E60E24 imported successfully.
2025-02-27 11:00:22,416 - INFO - Expense BCCE11C1-E615-0246-9772-E4B82CD9BD1D imported successfully.
2025-02-27 11:00:22,424 - INFO - Expense BCD53AC7-DFAB-7244-97CD-658CE0EF9408 imported successfully.
2025-02-27 11:00:22,432 - INFO - Expense BDD53EAA-B328-BA45-8A71-49A9CC7910BA imported successfully.
2025-02-27 11:00:22,441 - INFO - Expense BF562096-221B-5944-8405-0CA792576D82 imported successfully.
2025-02-27 11:00:22,449 - INFO - Expense C00B1361-EA97-D048-83FF-70D2AEAA5139 imported successfully.
2025-02-27 11:00:22,457 - INFO - Expense C0581E32-01B0-9941-893B-70FC9BA67B78 imported successfully.
2025-02-27 11:00:22,465 - INFO - Expense C2EC1A9E-C292-8440-8B03-B80B365BC16F imported successfully.
2025-02-27 11:00:22,473 - INFO - Expense C465B204-35FD-D249-AB94-AB5AD2891C64 imported successfully.
2025-02-27 11:00:22,481 - INFO - Expense C49077D5-8847-9D44-9164-40487BBD2295 imported successfully.
2025-02-27 11:00:22,490 - INFO - Expense C65C69A5-6FDE-9044-B2B1-1AEA8B547B13 imported successfully.
2025-02-27 11:00:22,498 - INFO - Expense C665273C-09D6-4E46-91D3-990C8310F4E3 imported successfully.
2025-02-27 11:00:22,507 - INFO - Expense C847250C-04E9-2440-98CF-8829D03FA11B imported successfully.
2025-02-27 11:00:22,515 - INFO - Expense C8A49377-C73A-0144-9A75-2FAF324A49AF imported successfully.
2025-02-27 11:00:22,523 - INFO - Expense CADCB479-2737-944D-9AFD-061BF3FE6A39 imported successfully.
2025-02-27 11:00:22,531 - INFO - Expense CAFF30EC-F262-2845-BC84-E54545194954 imported successfully.
2025-02-27 11:00:22,539 - INFO - Expense CCCEB328-DA31-0F45-B2D3-144DD062C9BE imported successfully.
2025-02-27 11:00:22,549 - INFO - Expense CE26C5C2-A4B7-5E41-93DB-1E261D8C6CD2 imported successfully.
2025-02-27 11:00:22,557 - INFO - Expense CE2E9722-BF89-734E-9004-DA9BEBD4F26C imported successfully.
2025-02-27 11:00:22,565 - INFO - Expense CE94CC2A-AC2C-4541-86B6-6E0C06681239 imported successfully.
2025-02-27 11:00:22,573 - INFO - Expense CEB71CD6-C00C-F847-BC7E-0E4F4EBE94E1 imported successfully.
2025-02-27 11:00:22,581 - INFO - Expense CFB20345-0905-A740-B13D-C8177EEBCEF3 imported successfully.
2025-02-27 11:00:22,590 - INFO - Expense D010E58B-2438-084D-AFBC-A5CE67354201 imported successfully.
2025-02-27 11:00:22,597 - INFO - Expense D186B40E-AFE5-F241-9CB0-30CF0C15FCC1 imported successfully.
2025-02-27 11:00:22,606 - INFO - Expense D3E75510-0CF3-0640-B404-7ED1C2A6DE28 imported successfully.
2025-02-27 11:00:22,614 - INFO - Expense D503CE9B-A6AE-C146-BB73-B553C0476DB6 imported successfully.
2025-02-27 11:00:22,623 - INFO - Expense D8FEEAB4-CC6D-4C40-9CD8-4CFDEF686AC0 imported successfully.
2025-02-27 11:00:22,631 - INFO - Expense D96CD977-340F-CE46-A77D-B060D6264D97 imported successfully.
2025-02-27 11:00:22,640 - INFO - Expense DB290924-1E50-CA47-B1CC-D353644D7C02 imported successfully.
2025-02-27 11:00:22,648 - INFO - Expense DB45536B-6B71-EB45-8374-803F6ED43679 imported successfully.
2025-02-27 11:00:22,656 - INFO - Expense DF4C7223-44D3-8D49-90AC-09D8A31A1903 imported successfully.
2025-02-27 11:00:22,665 - INFO - Expense E2C4DA1D-4BD3-2246-ADCA-F103507782F4 imported successfully.
2025-02-27 11:00:22,673 - INFO - Expense E60B563E-952C-DB46-8AF1-7FAA85EA59C9 imported successfully.
2025-02-27 11:00:22,681 - INFO - Expense E8BC26FA-B9A2-8F4C-9CAD-367AD9FA8CB6 imported successfully.
2025-02-27 11:00:22,689 - INFO - Expense EA27BED0-813A-C44E-B7E7-1667F28B7F23 imported successfully.
2025-02-27 11:00:22,697 - INFO - Expense EB96CCA8-2715-0249-83B7-7F479923A016 imported successfully.
2025-02-27 11:00:22,706 - INFO - Expense EF905C37-FDF0-4A4D-90BC-46D8DD84266F imported successfully.
2025-02-27 11:00:22,714 - INFO - Expense F1131D65-2A2C-E84E-A5DB-884DFC7C706F imported successfully.
2025-02-27 11:00:22,722 - INFO - Expense F560B9DC-7943-3947-8567-4A04C73EDC20 imported successfully.
2025-02-27 11:00:22,730 - INFO - Expense F80B6DA8-4DFD-D342-9640-412A20C8D63D imported successfully.
2025-02-27 11:00:22,739 - INFO - Expense F954CECF-7399-204D-BDA3-539954684EF2 imported successfully.
2025-02-27 11:00:22,748 - INFO - Expense FA47F721-4E3A-064E-B613-D0DAF5DCF7A1 imported successfully.
2025-02-27 11:00:22,756 - INFO - Expense FA8F4599-2861-D04B-B3FB-857E7A80C9CB imported successfully.
2025-02-27 11:00:22,765 - INFO - Expense FB5B9919-0AF0-1C43-B14F-41F747DC46D9 imported successfully.
2025-02-27 11:00:22,773 - INFO - Expense FBAFAEC1-50DC-7D48-B963-57FCC2265793 imported successfully.
2025-02-27 11:00:22,782 - INFO - Expense FC1C5B6E-29EC-CE42-9F13-1117FE9D743D imported successfully.
2025-02-27 11:00:22,791 - INFO - Expense FC531049-3E5A-2A4D-BF18-AD725AA709AA imported successfully.
2025-02-27 11:00:22,800 - INFO - Expense FD6C5B49-4C8C-2145-AF77-37E4EADEB70C imported successfully.
2025-02-27 11:00:22,808 - INFO - Expense FF2302CE-F892-1F4C-A194-870C7D96A921 imported successfully.
2025-02-27 11:00:22,808 - INFO - Expense import completed.
