2025-03-17 15:07:33,134 - INFO - Creating Classes...
2025-03-17 15:07:33,138 - INFO - Classe already exists: 6me-TBD
2025-03-17 15:07:33,141 - INFO - Classe already exists: 5me-TBD
2025-03-17 15:07:33,144 - INFO - Classe already exists: 4me-TBD
2025-03-17 15:07:33,146 - INFO - Classe already exists: 3me-TBD
2025-03-17 15:07:33,148 - INFO - Classe already exists: 2me-TBD
2025-03-17 15:07:33,150 - INFO - Classe already exists: 1ere-TBD
2025-03-17 15:07:33,152 - INFO - Classe already exists: Term-TBD
2025-03-17 15:07:33,154 - INFO - Classe already exists: PS-Nas_Mat
2025-03-17 15:07:33,155 - INFO - Classe already exists: MS-Nas_Mat
2025-03-17 15:07:33,157 - INFO - Classe already exists: GS-Nas_Mat
2025-03-17 15:07:33,158 - INFO - Classe already exists: CP1-Nas_Pri
2025-03-17 15:07:33,160 - INFO - Classe already exists: CP2-Nas_Pri
2025-03-17 15:07:33,161 - INFO - Classe already exists: CE1-Nas_Pri
2025-03-17 15:07:33,162 - INFO - Classe already exists: CE2-Nas_Pri
2025-03-17 15:07:33,163 - INFO - Classe already exists: CM1-Nas_Pri
2025-03-17 15:07:33,164 - INFO - Classe already exists: CM2-Nas_Pri
2025-03-17 15:07:33,165 - INFO - Classe already exists: 6me-LMS
2025-03-17 15:07:33,167 - INFO - Classe already exists: 5me-LMS
2025-03-17 15:07:33,168 - INFO - Classe already exists: 4me-LMS
2025-03-17 15:07:33,168 - INFO - Classe already exists: 3me-LMS
2025-03-17 15:07:33,169 - INFO - Classe already exists: 2me-LMS
2025-03-17 15:07:33,170 - INFO - Classe already exists: 1ere-LMS
2025-03-17 15:07:33,171 - INFO - Classe already exists: Term-LMS
2025-03-17 15:07:33,172 - INFO - Classe already exists: 6me-WLM
2025-03-17 15:07:33,173 - INFO - Classe already exists: 5me-WLM
2025-03-17 15:07:33,174 - INFO - Classe already exists: 4me-WLM
2025-03-17 15:07:33,175 - INFO - Classe already exists: 3me-WLM
2025-03-17 15:07:33,176 - INFO - Classe already exists: 2me-WLM
2025-03-17 15:07:33,177 - INFO - Classe already exists: 1ere-WLM
2025-03-17 15:07:33,178 - INFO - Classe already exists: Term-WLM
2025-03-17 15:07:33,179 - INFO - Classe already exists: 6me-LPMSBD
2025-03-17 15:07:33,179 - INFO - Classe already exists: 5me-LPMSBD
2025-03-17 15:07:33,180 - INFO - Classe already exists: 4me-LPMSBD
2025-03-17 15:07:33,181 - INFO - Classe already exists: 3me-LPMSBD
2025-03-17 15:07:33,182 - INFO - Classe already exists: 2me-LPMSBD
2025-03-17 15:07:33,183 - INFO - Classe already exists: 1ere-LPMSBD
2025-03-17 15:07:33,184 - INFO - Classe already exists: Term-LPMSBD
2025-03-17 15:07:33,185 - INFO - Classe already exists: 6me-WP
2025-03-17 15:07:33,186 - INFO - Classe already exists: 5me-WP
2025-03-17 15:07:33,187 - INFO - Classe already exists: 4me-WP
2025-03-17 15:07:33,188 - INFO - Classe already exists: 3me-WP
2025-03-17 15:07:33,189 - INFO - Classe already exists: 2me-WP
2025-03-17 15:07:33,190 - INFO - Classe already exists: 1ere-WP
2025-03-17 15:07:33,191 - INFO - Classe already exists: Term-WP
2025-03-17 15:07:33,192 - INFO - Classe already exists: CP1-EPCELP
2025-03-17 15:07:33,193 - INFO - Classe already exists: CP2-EPCELP
2025-03-17 15:07:33,194 - INFO - Classe already exists: CE1-EPCELP
2025-03-17 15:07:33,196 - INFO - Classe already exists: CE2-EPCELP
2025-03-17 15:07:33,197 - INFO - Classe already exists: CM1-EPCELP
2025-03-17 15:07:33,198 - INFO - Classe already exists: CM2-EPCELP
2025-03-17 15:07:33,199 - INFO - Classe already exists: CP1-EPPLE
2025-03-17 15:07:33,200 - INFO - Classe already exists: CP2-EPPLE
2025-03-17 15:07:33,200 - INFO - Classe already exists: CE1-EPPLE
2025-03-17 15:07:33,201 - INFO - Classe already exists: CE2-EPPLE
2025-03-17 15:07:33,202 - INFO - Classe already exists: CM1-EPPLE
2025-03-17 15:07:33,203 - INFO - Classe already exists: CM2-EPPLE
2025-03-17 15:07:33,204 - INFO - Classe already exists: CP1-YAMT
2025-03-17 15:07:33,205 - INFO - Classe already exists: CP2-YAMT
2025-03-17 15:07:33,206 - INFO - Classe already exists: CE1-YAMT
2025-03-17 15:07:33,207 - INFO - Classe already exists: CE2-YAMT
2025-03-17 15:07:33,208 - INFO - Classe already exists: CM1-YAMT
2025-03-17 15:07:33,209 - INFO - Classe already exists: CM2-YAMT
2025-03-17 15:07:33,210 - INFO - Classe already exists: CP1-LSB
2025-03-17 15:07:33,211 - INFO - Classe already exists: CP2-LSB
2025-03-17 15:07:33,212 - INFO - Classe already exists: CE1-LSB
2025-03-17 15:07:33,213 - INFO - Classe already exists: CE2-LSB
2025-03-17 15:07:33,214 - INFO - Classe already exists: CM1-LSB
2025-03-17 15:07:33,215 - INFO - Classe already exists: CM2-LSB
